Archive member included to satisfy reference by file (symbol)

d:/picobuild4/pico-toolchain/gcc-arm-none-eabi-9-2019-q4-major-win32/bin/../lib/gcc/arm-none-eabi/9.2.1/thumb/v6-m/nofp\libgcc.a(_dvmd_tls.o)
                              CMakeFiles/sprite_bounce.dir/D_/picobuild4/pico-sdk/src/rp2_common/pico_divider/divider.S.obj (__aeabi_idiv0)
d:/picobuild4/pico-toolchain/gcc-arm-none-eabi-9-2019-q4-major-win32/bin/../lib/gcc/arm-none-eabi/9.2.1/../../../../arm-none-eabi/lib/thumb/v6-m/nofp\libc.a(lib_a-calloc.o)
                              CMakeFiles/sprite_bounce.dir/D_/picobuild4/pico-sdk/src/rp2_common/pico_malloc/pico_malloc.c.obj (calloc)
d:/picobuild4/pico-toolchain/gcc-arm-none-eabi-9-2019-q4-major-win32/bin/../lib/gcc/arm-none-eabi/9.2.1/../../../../arm-none-eabi/lib/thumb/v6-m/nofp\libc.a(lib_a-callocr.o)
                              d:/picobuild4/pico-toolchain/gcc-arm-none-eabi-9-2019-q4-major-win32/bin/../lib/gcc/arm-none-eabi/9.2.1/../../../../arm-none-eabi/lib/thumb/v6-m/nofp\libc.a(lib_a-calloc.o) (_calloc_r)
d:/picobuild4/pico-toolchain/gcc-arm-none-eabi-9-2019-q4-major-win32/bin/../lib/gcc/arm-none-eabi/9.2.1/../../../../arm-none-eabi/lib/thumb/v6-m/nofp\libc.a(lib_a-impure.o)
                              d:/picobuild4/pico-toolchain/gcc-arm-none-eabi-9-2019-q4-major-win32/bin/../lib/gcc/arm-none-eabi/9.2.1/../../../../arm-none-eabi/lib/thumb/v6-m/nofp\libc.a(lib_a-calloc.o) (_impure_ptr)
d:/picobuild4/pico-toolchain/gcc-arm-none-eabi-9-2019-q4-major-win32/bin/../lib/gcc/arm-none-eabi/9.2.1/../../../../arm-none-eabi/lib/thumb/v6-m/nofp\libc.a(lib_a-init.o)
                              d:/picobuild4/pico-toolchain/gcc-arm-none-eabi-9-2019-q4-major-win32/bin/../lib/gcc/arm-none-eabi/9.2.1/../../../../arm-none-eabi/lib/thumb/v6-m/nofp/crt0.o (__libc_init_array)
d:/picobuild4/pico-toolchain/gcc-arm-none-eabi-9-2019-q4-major-win32/bin/../lib/gcc/arm-none-eabi/9.2.1/../../../../arm-none-eabi/lib/thumb/v6-m/nofp\libc.a(lib_a-malloc.o)
                              CMakeFiles/sprite_bounce.dir/D_/picobuild4/pico-sdk/src/rp2_common/pico_malloc/pico_malloc.c.obj (malloc)
d:/picobuild4/pico-toolchain/gcc-arm-none-eabi-9-2019-q4-major-win32/bin/../lib/gcc/arm-none-eabi/9.2.1/../../../../arm-none-eabi/lib/thumb/v6-m/nofp\libc.a(lib_a-mallocr.o)
                              d:/picobuild4/pico-toolchain/gcc-arm-none-eabi-9-2019-q4-major-win32/bin/../lib/gcc/arm-none-eabi/9.2.1/../../../../arm-none-eabi/lib/thumb/v6-m/nofp\libc.a(lib_a-callocr.o) (_malloc_r)
d:/picobuild4/pico-toolchain/gcc-arm-none-eabi-9-2019-q4-major-win32/bin/../lib/gcc/arm-none-eabi/9.2.1/../../../../arm-none-eabi/lib/thumb/v6-m/nofp\libc.a(lib_a-mlock.o)
                              d:/picobuild4/pico-toolchain/gcc-arm-none-eabi-9-2019-q4-major-win32/bin/../lib/gcc/arm-none-eabi/9.2.1/../../../../arm-none-eabi/lib/thumb/v6-m/nofp\libc.a(lib_a-mallocr.o) (__malloc_lock)
d:/picobuild4/pico-toolchain/gcc-arm-none-eabi-9-2019-q4-major-win32/bin/../lib/gcc/arm-none-eabi/9.2.1/../../../../arm-none-eabi/lib/thumb/v6-m/nofp\libc.a(lib_a-rand.o)
                              CMakeFiles/sprite_bounce.dir/main.c.obj (rand)
d:/picobuild4/pico-toolchain/gcc-arm-none-eabi-9-2019-q4-major-win32/bin/../lib/gcc/arm-none-eabi/9.2.1/../../../../arm-none-eabi/lib/thumb/v6-m/nofp\libc.a(lib_a-realloc.o)
                              CMakeFiles/sprite_bounce.dir/D_/picobuild4/pico-sdk/src/rp2_common/pico_malloc/pico_malloc.c.obj (realloc)
d:/picobuild4/pico-toolchain/gcc-arm-none-eabi-9-2019-q4-major-win32/bin/../lib/gcc/arm-none-eabi/9.2.1/../../../../arm-none-eabi/lib/thumb/v6-m/nofp\libc.a(lib_a-reallocr.o)
                              d:/picobuild4/pico-toolchain/gcc-arm-none-eabi-9-2019-q4-major-win32/bin/../lib/gcc/arm-none-eabi/9.2.1/../../../../arm-none-eabi/lib/thumb/v6-m/nofp\libc.a(lib_a-realloc.o) (_realloc_r)
d:/picobuild4/pico-toolchain/gcc-arm-none-eabi-9-2019-q4-major-win32/bin/../lib/gcc/arm-none-eabi/9.2.1/../../../../arm-none-eabi/lib/thumb/v6-m/nofp\libc.a(lib_a-sbrkr.o)
                              d:/picobuild4/pico-toolchain/gcc-arm-none-eabi-9-2019-q4-major-win32/bin/../lib/gcc/arm-none-eabi/9.2.1/../../../../arm-none-eabi/lib/thumb/v6-m/nofp\libc.a(lib_a-mallocr.o) (_sbrk_r)
d:/picobuild4/pico-toolchain/gcc-arm-none-eabi-9-2019-q4-major-win32/bin/../lib/gcc/arm-none-eabi/9.2.1/../../../../arm-none-eabi/lib/thumb/v6-m/nofp\libc.a(lib_a-strlen-stub.o)
                              CMakeFiles/sprite_bounce.dir/D_/picobuild4/pico-sdk/src/rp2_common/pico_stdio/stdio.c.obj (strlen)
d:/picobuild4/pico-toolchain/gcc-arm-none-eabi-9-2019-q4-major-win32/bin/../lib/gcc/arm-none-eabi/9.2.1/../../../../arm-none-eabi/lib/thumb/v6-m/nofp\libc.a(lib_a-freer.o)
                              d:/picobuild4/pico-toolchain/gcc-arm-none-eabi-9-2019-q4-major-win32/bin/../lib/gcc/arm-none-eabi/9.2.1/../../../../arm-none-eabi/lib/thumb/v6-m/nofp\libc.a(lib_a-malloc.o) (_free_r)
[...]
Memory Configuration

Name             Origin             Length             Attributes
FLASH            0x10000000         0x00200000         xr
RAM              0x20000000         0x00040000         xrw
SCRATCH_X        0x20040000         0x00001000         xrw
SCRATCH_Y        0x20041000         0x00001000         xrw
*default*        0x00000000         0xffffffff

Linker script and memory map

LOAD d:/picobuild4/pico-toolchain/gcc-arm-none-eabi-9-2019-q4-major-win32/bin/../lib/gcc/arm-none-eabi/9.2.1/thumb/v6-m/nofp/crti.o
LOAD d:/picobuild4/pico-toolchain/gcc-arm-none-eabi-9-2019-q4-major-win32/bin/../lib/gcc/arm-none-eabi/9.2.1/thumb/v6-m/nofp/crtbegin.o
LOAD d:/picobuild4/pico-toolchain/gcc-arm-none-eabi-9-2019-q4-major-win32/bin/../lib/gcc/arm-none-eabi/9.2.1/../../../../arm-none-eabi/lib/thumb/v6-m/nofp/crt0.o

.flash_begin    0x10000000        0x0
                0x10000000                __flash_binary_start = .

.boot2          0x10000000      0x100
                0x10000000                __boot2_start__ = .
 *(.boot2)
 .boot2         0x10000000      0x100 C:\Users\Alastair\AppData\Local\Temp\ccQUDQ0c.o
                0x10000100                __boot2_end__ = .
                0x00000001                ASSERT (((__boot2_end__ - __boot2_start__) == 0x100), ERROR: Pico second stage bootloader must be 256 bytes in size)

.text           0x10000100     0x4150
                0x10000100                __logical_binary_start = .
 *(.vectors)
 .vectors       0x10000100       0xd4 CMakeFiles/sprite_bounce.dir/D_/picobuild4/pico-sdk/src/rp2_common/pico_standard_link/crt0.S.obj
                0x10000100                __VECTOR_TABLE
                0x10000100                __vectors
                0x100001c0                isr_invalid
                0x100001c0                __default_isrs_start
                0x100001c2                isr_nmi
                0x100001c4                isr_hardfault
                0x100001c6                isr_svcall
                0x100001c8                isr_pendsv
                0x100001ca                isr_systick
                0x100001cc                isr_irq23
                0x100001cc                isr_irq18
                0x100001cc                isr_irq11
                0x100001cc                isr_irq28
                0x100001cc                isr_irq19
                0x100001cc                isr_irq0
                0x100001cc                isr_irq6
                0x100001cc                isr_irq5
                0x100001cc                isr_irq12
                0x100001cc                isr_irq22
                0x100001cc                isr_irq31
                0x100001cc                isr_irq17
                0x100001cc                isr_irq27
                0x100001cc                isr_irq30
                0x100001cc                isr_irq2
                0x100001cc                isr_irq10
                0x100001cc                isr_irq8
                0x100001cc                isr_irq24
                0x100001cc                isr_irq1
                0x100001cc                isr_irq7
                0x100001cc                isr_irq21
                0x100001cc                isr_irq20
                0x100001cc                isr_irq15
                0x100001cc                isr_irq25
                0x100001cc                isr_irq13
                0x100001cc                __unhandled_user_irq
                0x100001cc                isr_irq4
                0x100001cc                isr_irq16
                0x100001cc                isr_irq29
                0x100001cc                isr_irq26
                0x100001cc                __default_isrs_end
                0x100001cc                isr_irq3
                0x100001cc                isr_irq14
                0x100001cc                isr_irq9
                0x100001d2                unhandled_user_irq_num_in_r0
 *(.binary_info_header)
 .binary_info_header
                0x100001d4       0x14 CMakeFiles/sprite_bounce.dir/D_/picobuild4/pico-sdk/src/rp2_common/pico_standard_link/crt0.S.obj
                0x100001e8                __binary_info_header_end = .
 *(.reset)
 .reset         0x100001e8       0xa8 CMakeFiles/sprite_bounce.dir/D_/picobuild4/pico-sdk/src/rp2_common/pico_standard_link/crt0.S.obj
                0x100001e8                _entry_point
                0x10000266                __get_current_exception
 .reset         0x10000290       0x30 CMakeFiles/sprite_bounce.dir/D_/picobuild4/pico-sdk/src/rp2_common/pico_standard_link/binary_info.c.obj
 *(.init)
 .init          0x100002c0        0x4 d:/picobuild4/pico-toolchain/gcc-arm-none-eabi-9-2019-q4-major-win32/bin/../lib/gcc/arm-none-eabi/9.2.1/thumb/v6-m/nofp/crti.o
                0x100002c0                _init
 *(EXCLUDE_FILE(*libm.a: *libc.a:*lib_a-mem*.o *libgcc.a:) .text*)
 .text          0x100002c4       0x48 d:/picobuild4/pico-toolchain/gcc-arm-none-eabi-9-2019-q4-major-win32/bin/../lib/gcc/arm-none-eabi/9.2.1/thumb/v6-m/nofp/crtbegin.o
 .text.core1_main
                0x1000030c       0x6c CMakeFiles/sprite_bounce.dir/main.c.obj
                0x1000030c                core1_main
 .text.startup.main
                0x10000378      0x26c CMakeFiles/sprite_bounce.dir/main.c.obj
                0x10000378                main
 .text.set_sys_clock_pll
                0x100005e4       0x78 CMakeFiles/sprite_bounce.dir/D_/picobuild4/pico-sdk/src/rp2_common/pico_stdlib/stdlib.c.obj
                0x100005e4                set_sys_clock_pll
 .text.check_sys_clock_khz
                0x1000065c      0x16c CMakeFiles/sprite_bounce.dir/D_/picobuild4/pico-sdk/src/rp2_common/pico_stdlib/stdlib.c.obj
                0x1000065c                check_sys_clock_khz
 .text.setup_default_uart
                0x100007c8        0x8 CMakeFiles/sprite_bounce.dir/D_/picobuild4/pico-sdk/src/rp2_common/pico_stdlib/stdlib.c.obj
                0x100007c8                setup_default_uart
 .text.gpio_set_function
                0x100007d0       0x30 CMakeFiles/sprite_bounce.dir/D_/picobuild4/pico-sdk/src/rp2_common/hardware_gpio/gpio.c.obj
                0x100007d0                gpio_set_function
 .text.gpio_set_outover
                0x10000800       0x24 CMakeFiles/sprite_bounce.dir/D_/picobuild4/pico-sdk/src/rp2_common/hardware_gpio/gpio.c.obj
                0x10000800                gpio_set_outover
 .text.gpio_init
                0x10000824       0x3c CMakeFiles/sprite_bounce.dir/D_/picobuild4/pico-sdk/src/rp2_common/hardware_gpio/gpio.c.obj
                0x10000824                gpio_init
 .text.hw_claim_lock
                0x10000860       0x18 CMakeFiles/sprite_bounce.dir/D_/picobuild4/pico-sdk/src/rp2_common/hardware_claim/claim.c.obj
                0x10000860                hw_claim_lock
 .text.hw_claim_unlock
                0x10000878       0x14 CMakeFiles/sprite_bounce.dir/D_/picobuild4/pico-sdk/src/rp2_common/hardware_claim/claim.c.obj
                0x10000878                hw_claim_unlock
 .text.hw_claim_or_assert
                0x1000088c       0x48 CMakeFiles/sprite_bounce.dir/D_/picobuild4/pico-sdk/src/rp2_common/hardware_claim/claim.c.obj
                0x1000088c                hw_claim_or_assert
 .text.hw_claim_unused_from_range
                0x100008d4       0x9c CMakeFiles/sprite_bounce.dir/D_/picobuild4/pico-sdk/src/rp2_common/hardware_claim/claim.c.obj
                0x100008d4                hw_claim_unused_from_range
 .text.running_on_fpga
                0x10000970       0x10 CMakeFiles/sprite_bounce.dir/D_/picobuild4/pico-sdk/src/rp2_common/pico_platform/platform.c.obj
                0x10000970                running_on_fpga
 .text.spin_locks_reset
                0x10000980       0x1c CMakeFiles/sprite_bounce.dir/D_/picobuild4/pico-sdk/src/rp2_common/hardware_sync/sync.c.obj
                0x10000980                spin_locks_reset
 .text.next_striped_spin_lock_num
                0x1000099c       0x18 CMakeFiles/sprite_bounce.dir/D_/picobuild4/pico-sdk/src/rp2_common/hardware_sync/sync.c.obj
                0x1000099c                next_striped_spin_lock_num
 .text.irq_set_enabled
                0x100009b4       0x24 CMakeFiles/sprite_bounce.dir/D_/picobuild4/pico-sdk/src/rp2_common/hardware_irq/irq.c.obj
                0x100009b4                irq_set_enabled
 .text.irq_is_enabled
                0x100009d8       0x18 CMakeFiles/sprite_bounce.dir/D_/picobuild4/pico-sdk/src/rp2_common/hardware_irq/irq.c.obj
                0x100009d8                irq_is_enabled
 .text.irq_get_vtable_handler
                0x100009f0       0x10 CMakeFiles/sprite_bounce.dir/D_/picobuild4/pico-sdk/src/rp2_common/hardware_irq/irq.c.obj
                0x100009f0                irq_get_vtable_handler
 .text.irq_set_exclusive_handler
                0x10000a00       0x54 CMakeFiles/sprite_bounce.dir/D_/picobuild4/pico-sdk/src/rp2_common/hardware_irq/irq.c.obj
                0x10000a00                irq_set_exclusive_handler
 .text.irq_remove_handler
                0x10000a54      0x1b4 CMakeFiles/sprite_bounce.dir/D_/picobuild4/pico-sdk/src/rp2_common/hardware_irq/irq.c.obj
                0x10000a54                irq_remove_handler
 .text.irq_add_tail_to_free_list
                0x10000c08       0xb8 CMakeFiles/sprite_bounce.dir/D_/picobuild4/pico-sdk/src/rp2_common/hardware_irq/irq.c.obj
                0x10000c08                irq_add_tail_to_free_list
 .text.irq_init_priorities
                0x10000cc0       0x24 CMakeFiles/sprite_bounce.dir/D_/picobuild4/pico-sdk/src/rp2_common/hardware_irq/irq.c.obj
                0x10000cc0                irq_init_priorities
 .text.lock_init
                0x10000ce4       0x10 CMakeFiles/sprite_bounce.dir/D_/picobuild4/pico-sdk/src/common/pico_sync/lock_core.c.obj
                0x10000ce4                lock_init
 .text.timer_pool_entry_comparator
                0x10000cf4       0x34 CMakeFiles/sprite_bounce.dir/D_/picobuild4/pico-sdk/src/common/pico_time/time.c.obj
                0x10000cf4                timer_pool_entry_comparator
 .text.sleep_until_callback
                0x10000d28       0x30 CMakeFiles/sprite_bounce.dir/D_/picobuild4/pico-sdk/src/common/pico_time/time.c.obj
 .text.alarm_pool_add_alarm_at.constprop.0
                0x10000d58      0x128 CMakeFiles/sprite_bounce.dir/D_/picobuild4/pico-sdk/src/common/pico_time/time.c.obj
 .text.add_alarm_under_lock
                0x10000e80      0x108 CMakeFiles/sprite_bounce.dir/D_/picobuild4/pico-sdk/src/common/pico_time/time.c.obj
 .text.alarm_pool_alarm_callback
                0x10000f88      0x1c8 CMakeFiles/sprite_bounce.dir/D_/picobuild4/pico-sdk/src/common/pico_time/time.c.obj
 .text.alarm_pool_init_default
                0x10001150       0x64 CMakeFiles/sprite_bounce.dir/D_/picobuild4/pico-sdk/src/common/pico_time/time.c.obj
                0x10001150                alarm_pool_init_default
 .text.sleep_until
                0x100011b4       0xac CMakeFiles/sprite_bounce.dir/D_/picobuild4/pico-sdk/src/common/pico_time/time.c.obj
                0x100011b4                sleep_until
 .text.sleep_ms
                0x10001260       0x38 CMakeFiles/sprite_bounce.dir/D_/picobuild4/pico-sdk/src/common/pico_time/time.c.obj
                0x10001260                sleep_ms
 .text.hardware_alarm_irq_handler
                0x10001298       0xb8 CMakeFiles/sprite_bounce.dir/D_/picobuild4/pico-sdk/src/rp2_common/hardware_timer/timer.c.obj
 .text.hardware_alarm_claim
                0x10001350       0x18 CMakeFiles/sprite_bounce.dir/D_/picobuild4/pico-sdk/src/rp2_common/hardware_timer/timer.c.obj
                0x10001350                hardware_alarm_claim
 .text.time_us_64
                0x10001368       0x14 CMakeFiles/sprite_bounce.dir/D_/picobuild4/pico-sdk/src/rp2_common/hardware_timer/timer.c.obj
                0x10001368                time_us_64
 .text.busy_wait_until
                0x1000137c       0x20 CMakeFiles/sprite_bounce.dir/D_/picobuild4/pico-sdk/src/rp2_common/hardware_timer/timer.c.obj
                0x1000137c                busy_wait_until
 .text.hardware_alarm_set_callback
                0x1000139c       0x8c CMakeFiles/sprite_bounce.dir/D_/picobuild4/pico-sdk/src/rp2_common/hardware_timer/timer.c.obj
                0x1000139c                hardware_alarm_set_callback
 .text.hardware_alarm_set_target
                0x10001428       0xe4 CMakeFiles/sprite_bounce.dir/D_/picobuild4/pico-sdk/src/rp2_common/hardware_timer/timer.c.obj
                0x10001428                hardware_alarm_set_target
 .text.hardware_alarm_cancel
                0x1000150c       0x40 CMakeFiles/sprite_bounce.dir/D_/picobuild4/pico-sdk/src/rp2_common/hardware_timer/timer.c.obj
                0x1000150c                hardware_alarm_cancel
 .text.ph_merge_nodes
                0x1000154c       0x68 CMakeFiles/sprite_bounce.dir/D_/picobuild4/pico-sdk/src/common/pico_util/pheap.c.obj
 .text.ph_post_alloc_init
                0x100015b4       0x3c CMakeFiles/sprite_bounce.dir/D_/picobuild4/pico-sdk/src/common/pico_util/pheap.c.obj
                0x100015b4                ph_post_alloc_init
 .text.ph_merge_two_pass
                0x100015f0       0x90 CMakeFiles/sprite_bounce.dir/D_/picobuild4/pico-sdk/src/common/pico_util/pheap.c.obj
                0x100015f0                ph_merge_two_pass
 .text.ph_remove_any_head
                0x10001680       0xf8 CMakeFiles/sprite_bounce.dir/D_/picobuild4/pico-sdk/src/common/pico_util/pheap.c.obj
 .text.ph_remove_head
                0x10001778      0x13c CMakeFiles/sprite_bounce.dir/D_/picobuild4/pico-sdk/src/common/pico_util/pheap.c.obj
                0x10001778                ph_remove_head
 .text.ph_remove_and_free_node
                0x100018b4       0x7c CMakeFiles/sprite_bounce.dir/D_/picobuild4/pico-sdk/src/common/pico_util/pheap.c.obj
                0x100018b4                ph_remove_and_free_node
 .text.queue_init_with_spinlock
                0x10001930       0x24 CMakeFiles/sprite_bounce.dir/D_/picobuild4/pico-sdk/src/common/pico_util/queue.c.obj
                0x10001930                queue_init_with_spinlock
 .text.queue_add_blocking
                0x10001954       0x74 CMakeFiles/sprite_bounce.dir/D_/picobuild4/pico-sdk/src/common/pico_util/queue.c.obj
                0x10001954                queue_add_blocking
 .text.queue_remove_blocking
                0x100019c8       0x74 CMakeFiles/sprite_bounce.dir/D_/picobuild4/pico-sdk/src/common/pico_util/queue.c.obj
                0x100019c8                queue_remove_blocking
 .text.mutex_init
                0x10001a3c       0x1c CMakeFiles/sprite_bounce.dir/D_/picobuild4/pico-sdk/src/common/pico_sync/mutex.c.obj
                0x10001a3c                mutex_init
 .text.recursive_mutex_init
                0x10001a58       0x1c CMakeFiles/sprite_bounce.dir/D_/picobuild4/pico-sdk/src/common/pico_sync/mutex.c.obj
                0x10001a58                recursive_mutex_init
 .text.uart_init
                0x10001a74       0xe4 CMakeFiles/sprite_bounce.dir/D_/picobuild4/pico-sdk/src/rp2_common/hardware_uart/uart.c.obj
                0x10001a74                uart_init
 .text.runtime_init
                0x10001b58       0xf0 CMakeFiles/sprite_bounce.dir/D_/picobuild4/pico-sdk/src/rp2_common/pico_runtime/runtime.c.obj
                0x10001b58                runtime_init
 .text._sbrk    0x10001c48       0x34 CMakeFiles/sprite_bounce.dir/D_/picobuild4/pico-sdk/src/rp2_common/pico_runtime/runtime.c.obj
                0x10001c48                _sbrk
 .text.exit     0x10001c7c        0x4 CMakeFiles/sprite_bounce.dir/D_/picobuild4/pico-sdk/src/rp2_common/pico_runtime/runtime.c.obj
                0x10001c7c                exit
 .text.panic    0x10001c80       0x30 CMakeFiles/sprite_bounce.dir/D_/picobuild4/pico-sdk/src/rp2_common/pico_runtime/runtime.c.obj
                0x10001c80                panic
 .text.hard_assertion_failure
                0x10001cb0        0xc CMakeFiles/sprite_bounce.dir/D_/picobuild4/pico-sdk/src/rp2_common/pico_runtime/runtime.c.obj
                0x10001cb0                hard_assertion_failure
 .text.clock_configure
                0x10001cbc      0x114 CMakeFiles/sprite_bounce.dir/D_/picobuild4/pico-sdk/src/rp2_common/hardware_clocks/clocks.c.obj
                0x10001cbc                clock_configure
 .text.clocks_init
                0x10001dd0      0x2bc CMakeFiles/sprite_bounce.dir/D_/picobuild4/pico-sdk/src/rp2_common/hardware_clocks/clocks.c.obj
                0x10001dd0                clocks_init
 .text.clock_get_hz
                0x1000208c        0xc CMakeFiles/sprite_bounce.dir/D_/picobuild4/pico-sdk/src/rp2_common/hardware_clocks/clocks.c.obj
                0x1000208c                clock_get_hz
 .text.pll_init
                0x10002098       0xa8 CMakeFiles/sprite_bounce.dir/D_/picobuild4/pico-sdk/src/rp2_common/hardware_pll/pll.c.obj
                0x10002098                pll_init
 .text.vreg_set_voltage
                0x10002140       0x1c CMakeFiles/sprite_bounce.dir/D_/picobuild4/pico-sdk/src/rp2_common/hardware_vreg/vreg.c.obj
                0x10002140                vreg_set_voltage
 .text.watchdog_start_tick
                0x1000215c       0x10 CMakeFiles/sprite_bounce.dir/D_/picobuild4/pico-sdk/src/rp2_common/hardware_watchdog/watchdog.c.obj
                0x1000215c                watchdog_start_tick
 .text.xosc_init
                0x1000216c       0x28 CMakeFiles/sprite_bounce.dir/D_/picobuild4/pico-sdk/src/rp2_common/hardware_xosc/xosc.c.obj
                0x1000216c                xosc_init
 .text._out_char
                0x10002194       0x10 CMakeFiles/sprite_bounce.dir/D_/picobuild4/pico-sdk/src/rp2_common/pico_printf/printf.c.obj
 .text.weak_raw_vprintf
                0x100021a4       0x30 CMakeFiles/sprite_bounce.dir/D_/picobuild4/pico-sdk/src/rp2_common/pico_printf/printf.c.obj
                0x100021a4                weak_raw_vprintf
 .text          0x100021d4       0x10 CMakeFiles/sprite_bounce.dir/D_/picobuild4/pico-sdk/src/rp2_common/pico_bit_ops/bit_ops_aeabi.S.obj
 .text.ctzsi    0x100021e4        0xc CMakeFiles/sprite_bounce.dir/D_/picobuild4/pico-sdk/src/rp2_common/pico_bit_ops/bit_ops_aeabi.S.obj
                0x100021e4                __wrap___ctzsi2
 .text.rom_func_lookup
                0x100021f0       0x10 CMakeFiles/sprite_bounce.dir/D_/picobuild4/pico-sdk/src/rp2_common/pico_bootrom/bootrom.c.obj
                0x100021f0                rom_func_lookup
 .text.rom_data_lookup
                0x10002200       0x10 CMakeFiles/sprite_bounce.dir/D_/picobuild4/pico-sdk/src/rp2_common/pico_bootrom/bootrom.c.obj
                0x10002200                rom_data_lookup
 .text.rom_funcs_lookup
                0x10002210       0x3c CMakeFiles/sprite_bounce.dir/D_/picobuild4/pico-sdk/src/rp2_common/pico_bootrom/bootrom.c.obj
                0x10002210                rom_funcs_lookup
 .text.__wrap___aeabi_idiv
                0x1000224c       0x50 CMakeFiles/sprite_bounce.dir/D_/picobuild4/pico-sdk/src/rp2_common/pico_divider/divider.S.obj
                0x1000224c                __wrap___aeabi_idivmod
                0x1000224c                divmod_s32s32
                0x1000224c                div_s32s32
                0x1000224c                __wrap___aeabi_idiv
                0x10002254                divmod_s32s32_unsafe
                0x10002280                divmod_s32s32_savestate
 .text.__wrap___aeabi_uidiv
                0x1000229c       0x4c CMakeFiles/sprite_bounce.dir/D_/picobuild4/pico-sdk/src/rp2_common/pico_divider/divider.S.obj
                0x1000229c                __wrap___aeabi_uidiv
                0x1000229c                __wrap___aeabi_uidivmod
                0x1000229c                div_u32u32
                0x1000229c                divmod_u32u32
                0x100022a4                divmod_u32u32_unsafe
                0x100022cc                divmod_u32u32_savestate
 .text.__wrap___aeabi_ldiv
                0x100022e8      0x434 CMakeFiles/sprite_bounce.dir/D_/picobuild4/pico-sdk/src/rp2_common/pico_divider/divider.S.obj
                0x100022e8                div_s64s64
                0x100022e8                divmod_s64s64
                0x100022e8                __wrap___aeabi_ldivmod
                0x10002320                divmod_u64u64
                0x10002320                div_u64u64
                0x10002320                __wrap___aeabi_uldivmod
                0x10002330                divmod_u64u64_savestate
                0x10002358                divmod_s64s64_unsafe
                0x100023e0                divmod_u64u64_unsafe
 .text.__aeabi_double_init
                0x1000271c       0xc0 CMakeFiles/sprite_bounce.dir/D_/picobuild4/pico-sdk/src/rp2_common/pico_double/double_init_rom.c.obj
                0x1000271c                __aeabi_double_init
 .text.double_table_shim_on_use_helper
                0x100027dc       0x2c CMakeFiles/sprite_bounce.dir/D_/picobuild4/pico-sdk/src/rp2_common/pico_double/double_v1_rom_shim.S.obj
                0x100027dc                double_table_shim_on_use_helper
 .text.__aeabi_lmul
                0x10002808       0x32 CMakeFiles/sprite_bounce.dir/D_/picobuild4/pico-sdk/src/rp2_common/pico_int64_ops/pico_int64_ops_aeabi.S.obj
                0x10002808                __wrap___aeabi_lmul
 *fill*         0x1000283a        0x2 
 .text.__aeabi_float_init
                0x1000283c       0x64 CMakeFiles/sprite_bounce.dir/D_/picobuild4/pico-sdk/src/rp2_common/pico_float/float_init_rom.c.obj
                0x1000283c                __aeabi_float_init
 .text.float_table_shim_on_use_helper
                0x100028a0       0x2c CMakeFiles/sprite_bounce.dir/D_/picobuild4/pico-sdk/src/rp2_common/pico_float/float_v1_rom_shim.S.obj
                0x100028a0                float_table_shim_on_use_helper
 .text.__wrap_malloc
                0x100028cc       0x3c CMakeFiles/sprite_bounce.dir/D_/picobuild4/pico-sdk/src/rp2_common/pico_malloc/pico_malloc.c.obj
                0x100028cc                __wrap_malloc
 .text.__wrap_calloc
                0x10002908       0x40 CMakeFiles/sprite_bounce.dir/D_/picobuild4/pico-sdk/src/rp2_common/pico_malloc/pico_malloc.c.obj
                0x10002908                __wrap_calloc
 .text          0x10002948       0x10 CMakeFiles/sprite_bounce.dir/D_/picobuild4/pico-sdk/src/rp2_common/pico_mem_ops/mem_ops_aeabi.S.obj
                0x10002948                __aeabi_mem_init
 .text.memset   0x10002958        0xc CMakeFiles/sprite_bounce.dir/D_/picobuild4/pico-sdk/src/rp2_common/pico_mem_ops/mem_ops_aeabi.S.obj
                0x10002958                __wrap_memset
 .text.memcpy   0x10002964        0xc CMakeFiles/sprite_bounce.dir/D_/picobuild4/pico-sdk/src/rp2_common/pico_mem_ops/mem_ops_aeabi.S.obj
                0x10002964                __wrap_memcpy
                0x10002964                __wrap___aeabi_memcpy
 .text.stdio_out_chars_no_crlf
                0x10002970       0x10 CMakeFiles/sprite_bounce.dir/D_/picobuild4/pico-sdk/src/rp2_common/pico_stdio/stdio.c.obj
 .text.stdio_out_chars_crlf
                0x10002980       0x94 CMakeFiles/sprite_bounce.dir/D_/picobuild4/pico-sdk/src/rp2_common/pico_stdio/stdio.c.obj
 .text.stdio_put_string
                0x10002a14      0x100 CMakeFiles/sprite_bounce.dir/D_/picobuild4/pico-sdk/src/rp2_common/pico_stdio/stdio.c.obj
 .text.__wrap_putchar
                0x10002b14       0xa4 CMakeFiles/sprite_bounce.dir/D_/picobuild4/pico-sdk/src/rp2_common/pico_stdio/stdio.c.obj
                0x10002b14                __wrap_putchar
 .text.__wrap_puts
                0x10002bb8       0x3c CMakeFiles/sprite_bounce.dir/D_/picobuild4/pico-sdk/src/rp2_common/pico_stdio/stdio.c.obj
                0x10002bb8                __wrap_puts
 .text.stdio_set_driver_enabled
                0x10002bf4       0x30 CMakeFiles/sprite_bounce.dir/D_/picobuild4/pico-sdk/src/rp2_common/pico_stdio/stdio.c.obj
                0x10002bf4                stdio_set_driver_enabled
 .text.stdio_uart_out_chars
                0x10002c24       0x4c CMakeFiles/sprite_bounce.dir/D_/picobuild4/pico-sdk/src/rp2_common/pico_stdio_uart/stdio_uart.c.obj
 .text.stdio_uart_in_chars
                0x10002c70       0x38 CMakeFiles/sprite_bounce.dir/D_/picobuild4/pico-sdk/src/rp2_common/pico_stdio_uart/stdio_uart.c.obj
                0x10002c70                stdio_uart_in_chars
 .text.stdio_uart_init
                0x10002ca8       0x48 CMakeFiles/sprite_bounce.dir/D_/picobuild4/pico-sdk/src/rp2_common/pico_stdio_uart/stdio_uart.c.obj
                0x10002ca8                stdio_uart_init
 .text.core1_trampoline
                0x10002cf0        0x4 CMakeFiles/sprite_bounce.dir/D_/picobuild4/pico-sdk/src/rp2_common/pico_multicore/multicore.c.obj
 .text.core1_wrapper
                0x10002cf4        0xc CMakeFiles/sprite_bounce.dir/D_/picobuild4/pico-sdk/src/rp2_common/pico_multicore/multicore.c.obj
                0x10002cf4                core1_wrapper
 .text.multicore_launch_core1_raw
                0x10002d00       0x84 CMakeFiles/sprite_bounce.dir/D_/picobuild4/pico-sdk/src/rp2_common/pico_multicore/multicore.c.obj
                0x10002d00                multicore_launch_core1_raw
 .text.multicore_launch_core1
                0x10002d84       0x4c CMakeFiles/sprite_bounce.dir/D_/picobuild4/pico-sdk/src/rp2_common/pico_multicore/multicore.c.obj
                0x10002d84                multicore_launch_core1
 .text.dvi_init
                0x10002dd0      0x194 CMakeFiles/sprite_bounce.dir/__/__/libdvi/dvi.c.obj
                0x10002dd0                dvi_init
 .text.dvi_register_irqs_this_core
                0x10002f64       0x9c CMakeFiles/sprite_bounce.dir/__/__/libdvi/dvi.c.obj
                0x10002f64                dvi_register_irqs_this_core
 .text.dvi_start
                0x10003000       0xbc CMakeFiles/sprite_bounce.dir/__/__/libdvi/dvi.c.obj
                0x10003000                dvi_start
 .text.dvi_serialiser_init
                0x100030bc      0x194 CMakeFiles/sprite_bounce.dir/__/__/libdvi/dvi_serialiser.c.obj
                0x100030bc                dvi_serialiser_init
 .text.dvi_serialiser_enable
                0x10003250       0x78 CMakeFiles/sprite_bounce.dir/__/__/libdvi/dvi_serialiser.c.obj
                0x10003250                dvi_serialiser_enable
 .text.dvi_timing_state_init
                0x100032c8        0x8 CMakeFiles/sprite_bounce.dir/__/__/libdvi/dvi_timing.c.obj
                0x100032c8                dvi_timing_state_init
 .text.dvi_setup_scanline_for_vblank
                0x100032d0      0x12c CMakeFiles/sprite_bounce.dir/__/__/libdvi/dvi_timing.c.obj
                0x100032d0                dvi_setup_scanline_for_vblank
 .text.dvi_setup_scanline_for_active
                0x100033fc      0x18c CMakeFiles/sprite_bounce.dir/__/__/libdvi/dvi_timing.c.obj
                0x100033fc                dvi_setup_scanline_for_active
 .text.dma_claim_unused_channel
                0x10003588       0x20 CMakeFiles/sprite_bounce.dir/D_/picobuild4/pico-sdk/src/rp2_common/hardware_dma/dma.c.obj
                0x10003588                dma_claim_unused_channel
 .text.interp_save
                0x100035a8       0x20 CMakeFiles/sprite_bounce.dir/D_/picobuild4/pico-sdk/src/rp2_common/hardware_interp/interp.c.obj
                0x100035a8                interp_save
 .text.interp_restore
                0x100035c8       0x20 CMakeFiles/sprite_bounce.dir/D_/picobuild4/pico-sdk/src/rp2_common/hardware_interp/interp.c.obj
                0x100035c8                interp_restore
 .text.pio_sm_claim
                0x100035e8       0x30 CMakeFiles/sprite_bounce.dir/D_/picobuild4/pico-sdk/src/rp2_common/hardware_pio/pio.c.obj
                0x100035e8                pio_sm_claim
 .text.pio_add_program
                0x10003618       0xe4 CMakeFiles/sprite_bounce.dir/D_/picobuild4/pico-sdk/src/rp2_common/hardware_pio/pio.c.obj
                0x10003618                pio_add_program
 .text.pio_sm_set_pins_with_mask
                0x100036fc       0x84 CMakeFiles/sprite_bounce.dir/D_/picobuild4/pico-sdk/src/rp2_common/hardware_pio/pio.c.obj
                0x100036fc                pio_sm_set_pins_with_mask
 .text.pio_sm_set_pindirs_with_mask
                0x10003780       0x88 CMakeFiles/sprite_bounce.dir/D_/picobuild4/pico-sdk/src/rp2_common/hardware_pio/pio.c.obj
                0x10003780                pio_sm_set_pindirs_with_mask
 .text.pio_sm_init
                0x10003808       0x90 CMakeFiles/sprite_bounce.dir/D_/picobuild4/pico-sdk/src/rp2_common/hardware_pio/pio.c.obj
                0x10003808                pio_sm_init
 .text.calloc   0x10003898       0x18 d:/picobuild4/pico-toolchain/gcc-arm-none-eabi-9-2019-q4-major-win32/bin/../lib/gcc/arm-none-eabi/9.2.1/../../../../arm-none-eabi/lib/thumb/v6-m/nofp\libc.a(lib_a-calloc.o)
                0x10003898                calloc
 .text._calloc_r
                0x100038b0       0x5c d:/picobuild4/pico-toolchain/gcc-arm-none-eabi-9-2019-q4-major-win32/bin/../lib/gcc/arm-none-eabi/9.2.1/../../../../arm-none-eabi/lib/thumb/v6-m/nofp\libc.a(lib_a-callocr.o)
                0x100038b0                _calloc_r
 .text.malloc   0x1000390c       0x14 d:/picobuild4/pico-toolchain/gcc-arm-none-eabi-9-2019-q4-major-win32/bin/../lib/gcc/arm-none-eabi/9.2.1/../../../../arm-none-eabi/lib/thumb/v6-m/nofp\libc.a(lib_a-malloc.o)
                0x1000390c                malloc
 .text._malloc_r
                0x10003920      0x580 d:/picobuild4/pico-toolchain/gcc-arm-none-eabi-9-2019-q4-major-win32/bin/../lib/gcc/arm-none-eabi/9.2.1/../../../../arm-none-eabi/lib/thumb/v6-m/nofp\libc.a(lib_a-mallocr.o)
                0x10003920                _malloc_r
 .text.__malloc_lock
                0x10003ea0       0x10 d:/picobuild4/pico-toolchain/gcc-arm-none-eabi-9-2019-q4-major-win32/bin/../lib/gcc/arm-none-eabi/9.2.1/../../../../arm-none-eabi/lib/thumb/v6-m/nofp\libc.a(lib_a-mlock.o)
                0x10003ea0                __malloc_lock
 .text.__malloc_unlock
                0x10003eb0       0x10 d:/picobuild4/pico-toolchain/gcc-arm-none-eabi-9-2019-q4-major-win32/bin/../lib/gcc/arm-none-eabi/9.2.1/../../../../arm-none-eabi/lib/thumb/v6-m/nofp\libc.a(lib_a-mlock.o)
                0x10003eb0                __malloc_unlock
 .text.rand     0x10003ec0       0x34 d:/picobuild4/pico-toolchain/gcc-arm-none-eabi-9-2019-q4-major-win32/bin/../lib/gcc/arm-none-eabi/9.2.1/../../../../arm-none-eabi/lib/thumb/v6-m/nofp\libc.a(lib_a-rand.o)
                0x10003ec0                rand
 .text._sbrk_r  0x10003ef4       0x24 d:/picobuild4/pico-toolchain/gcc-arm-none-eabi-9-2019-q4-major-win32/bin/../lib/gcc/arm-none-eabi/9.2.1/../../../../arm-none-eabi/lib/thumb/v6-m/nofp\libc.a(lib_a-sbrkr.o)
                0x10003ef4                _sbrk_r
 .text.strlen   0x10003f18       0x5c d:/picobuild4/pico-toolchain/gcc-arm-none-eabi-9-2019-q4-major-win32/bin/../lib/gcc/arm-none-eabi/9.2.1/../../../../arm-none-eabi/lib/thumb/v6-m/nofp\libc.a(lib_a-strlen-stub.o)
                0x10003f18                strlen
 .text._malloc_trim_r
                0x10003f74       0x9c d:/picobuild4/pico-toolchain/gcc-arm-none-eabi-9-2019-q4-major-win32/bin/../lib/gcc/arm-none-eabi/9.2.1/../../../../arm-none-eabi/lib/thumb/v6-m/nofp\libc.a(lib_a-freer.o)
                0x10003f74                _malloc_trim_r
 .text._free_r  0x10004010      0x1c4 d:/picobuild4/pico-toolchain/gcc-arm-none-eabi-9-2019-q4-major-win32/bin/../lib/gcc/arm-none-eabi/9.2.1/../../../../arm-none-eabi/lib/thumb/v6-m/nofp\libc.a(lib_a-freer.o)
                0x10004010                _free_r
 .text.__retarget_lock_acquire_recursive
                0x100041d4        0x4 d:/picobuild4/pico-toolchain/gcc-arm-none-eabi-9-2019-q4-major-win32/bin/../lib/gcc/arm-none-eabi/9.2.1/../../../../arm-none-eabi/lib/thumb/v6-m/nofp\libc.a(lib_a-lock.o)
                0x100041d4                __retarget_lock_acquire_recursive
 .text.__retarget_lock_release_recursive
                0x100041d8        0x4 d:/picobuild4/pico-toolchain/gcc-arm-none-eabi-9-2019-q4-major-win32/bin/../lib/gcc/arm-none-eabi/9.2.1/../../../../arm-none-eabi/lib/thumb/v6-m/nofp\libc.a(lib_a-lock.o)
                0x100041d8                __retarget_lock_release_recursive
 *(.fini)
 .fini          0x100041dc        0x4 d:/picobuild4/pico-toolchain/gcc-arm-none-eabi-9-2019-q4-major-win32/bin/../lib/gcc/arm-none-eabi/9.2.1/thumb/v6-m/nofp/crti.o
                0x100041dc                _fini
 .fini.__stub   0x100041e0       0x70 linker stubs
 *crtbegin.o(.ctors)
 *crtbegin?.o(.ctors)
 *(EXCLUDE_FILE(*crtend.o *crtend?.o) .ctors)
 *(SORT_BY_NAME(.ctors.*))
 *(.ctors)
 *crtbegin.o(.dtors)
 *crtbegin?.o(.dtors)
 *(EXCLUDE_FILE(*crtend.o *crtend?.o) .dtors)
 *(SORT_BY_NAME(.dtors.*))
 *(.dtors)
 *(.eh_frame*)
 .eh_frame      0x10004250        0x0 d:/picobuild4/pico-toolchain/gcc-arm-none-eabi-9-2019-q4-major-win32/bin/../lib/gcc/arm-none-eabi/9.2.1/thumb/v6-m/nofp/crtbegin.o
                0x10004250                . = ALIGN (0x4)

.glue_7         0x10004250        0x0
 .glue_7        0x10004250        0x0 linker stubs

.glue_7t        0x10004250        0x0
 .glue_7t       0x10004250        0x0 linker stubs

.vfp11_veneer   0x10004250        0x0
 .vfp11_veneer  0x10004250        0x0 linker stubs

.v4_bx          0x10004250        0x0
 .v4_bx         0x10004250        0x0 linker stubs

.iplt           0x10004250        0x0
 .iplt          0x10004250        0x0 d:/picobuild4/pico-toolchain/gcc-arm-none-eabi-9-2019-q4-major-win32/bin/../lib/gcc/arm-none-eabi/9.2.1/thumb/v6-m/nofp/crtbegin.o

.rodata         0x10004250      0x240
 *(EXCLUDE_FILE(*libm.a: *libc.a:*lib_a-mem*.o *libgcc.a:) .rodata*)
 .rodata.main.str1.4
                0x10004250       0x80 CMakeFiles/sprite_bounce.dir/main.c.obj
 .rodata.hardware_alarm_claim.str1.4
                0x100042d0       0x22 CMakeFiles/sprite_bounce.dir/D_/picobuild4/pico-sdk/src/rp2_common/hardware_timer/timer.c.obj
 *fill*         0x100042f2        0x2 
 .rodata.panic.str1.4
                0x100042f4       0x12 CMakeFiles/sprite_bounce.dir/D_/picobuild4/pico-sdk/src/rp2_common/pico_runtime/runtime.c.obj
 *fill*         0x10004306        0x2 
 .rodata.hard_assertion_failure.str1.4
                0x10004308        0xc CMakeFiles/sprite_bounce.dir/D_/picobuild4/pico-sdk/src/rp2_common/pico_runtime/runtime.c.obj
 .rodata.__wrap_malloc.str1.4
                0x10004314        0xe CMakeFiles/sprite_bounce.dir/D_/picobuild4/pico-sdk/src/rp2_common/pico_malloc/pico_malloc.c.obj
 *fill*         0x10004322        0x2 
 .rodata.str1.4
                0x10004324       0x44 CMakeFiles/sprite_bounce.dir/D_/picobuild4/pico-sdk/src/rp2_common/pico_standard_link/binary_info.c.obj
 .rodata.__bi_44
                0x10004368        0xc CMakeFiles/sprite_bounce.dir/D_/picobuild4/pico-sdk/src/rp2_common/pico_standard_link/binary_info.c.obj
 .rodata.__bi_75
                0x10004374        0xc CMakeFiles/sprite_bounce.dir/D_/picobuild4/pico-sdk/src/rp2_common/pico_standard_link/binary_info.c.obj
 .rodata.__bi_81
                0x10004380        0xc CMakeFiles/sprite_bounce.dir/D_/picobuild4/pico-sdk/src/rp2_common/pico_standard_link/binary_info.c.obj
 .rodata.crlf_str.6069
                0x1000438c        0x2 CMakeFiles/sprite_bounce.dir/D_/picobuild4/pico-sdk/src/rp2_common/pico_stdio/stdio.c.obj
 *fill*         0x1000438e        0x2 
 .rodata.str1.4
                0x10004390       0x2c CMakeFiles/sprite_bounce.dir/D_/picobuild4/pico-sdk/src/rp2_common/pico_stdio_uart/stdio_uart.c.obj
 .rodata.__bi_28.4861
                0x100043bc        0xc CMakeFiles/sprite_bounce.dir/D_/picobuild4/pico-sdk/src/rp2_common/pico_stdio_uart/stdio_uart.c.obj
 .rodata.__bi_29.4865
                0x100043c8        0x8 CMakeFiles/sprite_bounce.dir/D_/picobuild4/pico-sdk/src/rp2_common/pico_stdio_uart/stdio_uart.c.obj
 .rodata.str1.4
                0x100043d0       0x1d CMakeFiles/sprite_bounce.dir/__/__/libdvi/dvi.c.obj
 *fill*         0x100043ed        0x3 
 .rodata.dvi_init.str1.4
                0x100043f0       0x1e CMakeFiles/sprite_bounce.dir/__/__/libdvi/dvi.c.obj
 *fill*         0x1000440e        0x2 
 .rodata.dvi_serialiser_program
                0x10004410        0x6 CMakeFiles/sprite_bounce.dir/__/__/libdvi/dvi_serialiser.c.obj
 *fill*         0x10004416        0x2 
 .rodata.dvi_serialiser_program_instructions
                0x10004418        0x4 CMakeFiles/sprite_bounce.dir/__/__/libdvi/dvi_serialiser.c.obj
 .rodata.dma_claim_unused_channel.str1.4
                0x1000441c       0x1e CMakeFiles/sprite_bounce.dir/D_/picobuild4/pico-sdk/src/rp2_common/hardware_dma/dma.c.obj
 *fill*         0x1000443a        0x2 
 .rodata.pio_sm_claim.str1.4
                0x1000443c       0x40 CMakeFiles/sprite_bounce.dir/D_/picobuild4/pico-sdk/src/rp2_common/hardware_pio/pio.c.obj
 .rodata.pio_add_program.str1.4
                0x1000447c       0x11 CMakeFiles/sprite_bounce.dir/D_/picobuild4/pico-sdk/src/rp2_common/hardware_pio/pio.c.obj
                0x10004490                . = ALIGN (0x4)
 *fill*         0x1000448d        0x3 
 *(SORT_BY_ALIGNMENT(SORT_BY_NAME(.flashdata*)))
                0x10004490                . = ALIGN (0x4)

.ARM.extab
 *(.ARM.extab* .gnu.linkonce.armextab.*)
                0x10004490                __exidx_start = .

.ARM.exidx
 *(.ARM.exidx* .gnu.linkonce.armexidx.*)
                0x10004490                __exidx_end = .
                0x10004490                . = ALIGN (0x4)
                0x10004490                __binary_info_start = .

.binary_info    0x10004490       0x24
 *(.binary_info.keep.*)
 .binary_info.keep.__bi_ptr22
                0x10004490        0x4 CMakeFiles/sprite_bounce.dir/D_/picobuild4/pico-sdk/src/rp2_common/pico_standard_link/binary_info.c.obj
 .binary_info.keep.__bi_ptr30
                0x10004494        0x4 CMakeFiles/sprite_bounce.dir/D_/picobuild4/pico-sdk/src/rp2_common/pico_standard_link/binary_info.c.obj
 .binary_info.keep.__bi_ptr38
                0x10004498        0x4 CMakeFiles/sprite_bounce.dir/D_/picobuild4/pico-sdk/src/rp2_common/pico_standard_link/binary_info.c.obj
 .binary_info.keep.__bi_ptr44
                0x1000449c        0x4 CMakeFiles/sprite_bounce.dir/D_/picobuild4/pico-sdk/src/rp2_common/pico_standard_link/binary_info.c.obj
 .binary_info.keep.__bi_ptr50
                0x100044a0        0x4 CMakeFiles/sprite_bounce.dir/D_/picobuild4/pico-sdk/src/rp2_common/pico_standard_link/binary_info.c.obj
 .binary_info.keep.__bi_ptr75
                0x100044a4        0x4 CMakeFiles/sprite_bounce.dir/D_/picobuild4/pico-sdk/src/rp2_common/pico_standard_link/binary_info.c.obj
 .binary_info.keep.__bi_ptr81
                0x100044a8        0x4 CMakeFiles/sprite_bounce.dir/D_/picobuild4/pico-sdk/src/rp2_common/pico_standard_link/binary_info.c.obj
 *(.binary_info.*)
 .binary_info.__bi_ptr28
                0x100044ac        0x4 CMakeFiles/sprite_bounce.dir/D_/picobuild4/pico-sdk/src/rp2_common/pico_stdio_uart/stdio_uart.c.obj
 .binary_info.__bi_ptr29
                0x100044b0        0x4 CMakeFiles/sprite_bounce.dir/D_/picobuild4/pico-sdk/src/rp2_common/pico_stdio_uart/stdio_uart.c.obj
                0x100044b4                __binary_info_end = .
                0x100044b4                . = ALIGN (0x4)
                0x100044b4                __etext = .

.ram_vector_table
                0x20000000       0xc0
 *(.ram_vector_table)
 .ram_vector_table
                0x20000000       0xc0 CMakeFiles/sprite_bounce.dir/D_/picobuild4/pico-sdk/src/rp2_common/pico_runtime/runtime.c.obj
                0x20000000                ram_vector_table

.data           0x200000c0    0x12134 load address 0x100044b4
                0x200000c0                __data_start__ = .
 *(vtable)
 *(.time_critical*)
 .time_critical.render
                0x200000c0      0x3c8 CMakeFiles/sprite_bounce.dir/main.c.obj
                0x200000c0                render_loop
 .time_critical.atrans
                0x20000488      0x400 CMakeFiles/sprite_bounce.dir/main.c.obj
 .time_critical.mutex_enter_blocking
                0x20000888       0x48 CMakeFiles/sprite_bounce.dir/D_/picobuild4/pico-sdk/src/common/pico_sync/mutex.c.obj
                0x20000888                mutex_enter_blocking
 .time_critical.mutex_try_enter
                0x200008d0       0x48 CMakeFiles/sprite_bounce.dir/D_/picobuild4/pico-sdk/src/common/pico_sync/mutex.c.obj
                0x200008d0                mutex_try_enter
 .time_critical.mutex_exit
                0x20000918       0x28 CMakeFiles/sprite_bounce.dir/D_/picobuild4/pico-sdk/src/common/pico_sync/mutex.c.obj
                0x20000918                mutex_exit
 .time_critical.dvi_dma_irq_handler
                0x20000940      0x50c CMakeFiles/sprite_bounce.dir/__/__/libdvi/dvi.c.obj
 .time_critical.dvi_dma1_irq
                0x20000e4c       0x24 CMakeFiles/sprite_bounce.dir/__/__/libdvi/dvi.c.obj
 .time_critical.dvi_dma0_irq
                0x20000e70       0x24 CMakeFiles/sprite_bounce.dir/__/__/libdvi/dvi.c.obj
 .time_critical.dvi_scanbuf_main_16bpp
                0x20000e94      0x274 CMakeFiles/sprite_bounce.dir/__/__/libdvi/dvi.c.obj
                0x20000e94                dvi_scanbuf_main_16bpp
 .time_critical.dvi_timing_state_advance
                0x20001108       0x44 CMakeFiles/sprite_bounce.dir/__/__/libdvi/dvi_timing.c.obj
                0x20001108                dvi_timing_state_advance
 .time_critical.dvi_update_scanline_data_dma
                0x2000114c       0x14 CMakeFiles/sprite_bounce.dir/__/__/libdvi/dvi_timing.c.obj
                0x2000114c                dvi_update_scanline_data_dma
 .time_critical.dvi_ctrl_syms
                0x20001160       0x10 CMakeFiles/sprite_bounce.dir/__/__/libdvi/dvi_timing.c.obj
                0x20001160                dvi_ctrl_syms
 .time_critical.dvi_timing_640x480p_60hz
                0x20001170       0x2c CMakeFiles/sprite_bounce.dir/__/__/libdvi/dvi_timing.c.obj
                0x20001170                dvi_timing_640x480p_60hz
 .time_critical.empty_scanline_tmds
                0x2000119c        0xc CMakeFiles/sprite_bounce.dir/__/__/libdvi/dvi_timing.c.obj
 .time_critical.tmds_encode_data_channel_16bpp
                0x200011a8       0xa4 CMakeFiles/sprite_bounce.dir/__/__/libdvi/tmds_encode.c.obj
                0x200011a8                tmds_encode_data_channel_16bpp
 .time_critical.sprite_fill16
                0x2000124c       0x7c CMakeFiles/sprite_bounce.dir/__/__/libsprite/sprite.S.obj
                0x2000124c                sprite_fill16
 .time_critical.sprite_blit16
                0x200012c8       0x6c CMakeFiles/sprite_bounce.dir/__/__/libsprite/sprite.S.obj
                0x200012c8                sprite_blit16
 .time_critical.sprite_blit16_alpha
                0x20001334       0x64 CMakeFiles/sprite_bounce.dir/__/__/libsprite/sprite.S.obj
                0x20001334                sprite_blit16_alpha
 .time_critical.sprite_sprite16
                0x20001398       0xe8 CMakeFiles/sprite_bounce.dir/__/__/libsprite/sprite.c.obj
                0x20001398                sprite_sprite16
 *(.text*)
 .text          0x20001480        0x4 d:/picobuild4/pico-toolchain/gcc-arm-none-eabi-9-2019-q4-major-win32/bin/../lib/gcc/arm-none-eabi/9.2.1/thumb/v6-m/nofp\libgcc.a(_dvmd_tls.o)
                0x20001480                __aeabi_idiv0
                0x20001480                __aeabi_ldiv0
 *fill*         0x20001484        0x4 
 .text.__stub   0x20001488       0x60 linker stubs
                0x200014e8                . = ALIGN (0x4)
 *(.rodata*)
                0x200014e8                . = ALIGN (0x4)
 *(.data*)
 .data.eben_128x128
                0x200014e8     0x8200 CMakeFiles/sprite_bounce.dir/main.c.obj
 .data.raspberry_128x128
                0x200096e8     0x8200 CMakeFiles/sprite_bounce.dir/main.c.obj
 .data.striped_spin_lock_num
                0x200118e8        0x1 CMakeFiles/sprite_bounce.dir/D_/picobuild4/pico-sdk/src/rp2_common/hardware_sync/sync.c.obj
 *fill*         0x200118e9        0x3 
 .data          0x200118ec       0x48 CMakeFiles/sprite_bounce.dir/D_/picobuild4/pico-sdk/src/rp2_common/hardware_irq/irq_handler_chain.S.obj
                0x200118ec                irq_handler_chain_slots
                0x2001191c                irq_handler_chain_first_slot
                0x20011926                irq_handler_chain_remove_tail
 .data.default_alarm_pool
                0x20011934       0x18 CMakeFiles/sprite_bounce.dir/D_/picobuild4/pico-sdk/src/common/pico_time/time.c.obj
 .data.default_alarm_pool_heap
                0x2001194c       0x10 CMakeFiles/sprite_bounce.dir/D_/picobuild4/pico-sdk/src/common/pico_time/time.c.obj
 *fill*         0x2001195c        0x4 
 .data.aeabi_bits_funcs
                0x20011960       0x10 CMakeFiles/sprite_bounce.dir/D_/picobuild4/pico-sdk/src/rp2_common/pico_bit_ops/bit_ops_aeabi.S.obj
                0x20011960                aeabi_bits_funcs
                0x20011970                aeabi_bits_funcs_end
 .data.aeabi_mem_funcs
                0x20011970       0x10 CMakeFiles/sprite_bounce.dir/D_/picobuild4/pico-sdk/src/rp2_common/pico_mem_ops/mem_ops_aeabi.S.obj
                0x20011970                aeabi_mem_funcs
                0x20011980                aeabi_mem_funcs_end
 .data.stdio_uart
                0x20011980       0x14 CMakeFiles/sprite_bounce.dir/D_/picobuild4/pico-sdk/src/rp2_common/pico_stdio_uart/stdio_uart.c.obj
                0x20011980                stdio_uart
 .data._impure_ptr
                0x20011994        0x4 d:/picobuild4/pico-toolchain/gcc-arm-none-eabi-9-2019-q4-major-win32/bin/../lib/gcc/arm-none-eabi/9.2.1/../../../../arm-none-eabi/lib/thumb/v6-m/nofp\libc.a(lib_a-impure.o)
                0x20011994                _impure_ptr
 .data.impure_data
                0x20011998      0x428 d:/picobuild4/pico-toolchain/gcc-arm-none-eabi-9-2019-q4-major-win32/bin/../lib/gcc/arm-none-eabi/9.2.1/../../../../arm-none-eabi/lib/thumb/v6-m/nofp\libc.a(lib_a-impure.o)
 .data.__malloc_av_
                0x20011dc0      0x408 d:/picobuild4/pico-toolchain/gcc-arm-none-eabi-9-2019-q4-major-win32/bin/../lib/gcc/arm-none-eabi/9.2.1/../../../../arm-none-eabi/lib/thumb/v6-m/nofp\libc.a(lib_a-mallocr.o)
                0x20011dc0                __malloc_av_
 .data.__malloc_sbrk_base
                0x200121c8        0x4 d:/picobuild4/pico-toolchain/gcc-arm-none-eabi-9-2019-q4-major-win32/bin/../lib/gcc/arm-none-eabi/9.2.1/../../../../arm-none-eabi/lib/thumb/v6-m/nofp\libc.a(lib_a-mallocr.o)
                0x200121c8                __malloc_sbrk_base
 .data.__malloc_trim_threshold
                0x200121cc        0x4 d:/picobuild4/pico-toolchain/gcc-arm-none-eabi-9-2019-q4-major-win32/bin/../lib/gcc/arm-none-eabi/9.2.1/../../../../arm-none-eabi/lib/thumb/v6-m/nofp\libc.a(lib_a-mallocr.o)
                0x200121cc                __malloc_trim_threshold
                0x200121d0                . = ALIGN (0x4)
 *(.after_data.*)
                0x200121d0                . = ALIGN (0x4)
                0x200121d0                PROVIDE (__mutex_array_start = .)
 *(SORT_BY_NAME(.mutex_array.*))
 *(.mutex_array)
 .mutex_array   0x200121d0        0x8 CMakeFiles/sprite_bounce.dir/D_/picobuild4/pico-sdk/src/rp2_common/pico_malloc/pico_malloc.c.obj
 .mutex_array   0x200121d8        0x8 CMakeFiles/sprite_bounce.dir/D_/picobuild4/pico-sdk/src/rp2_common/pico_stdio/stdio.c.obj
                0x200121e0                PROVIDE (__mutex_array_end = .)
                0x200121e0                . = ALIGN (0x4)
                0x200121e0                PROVIDE (__preinit_array_start = .)
 *(SORT_BY_NAME(.preinit_array.*))
 .preinit_array.00001
                0x200121e0        0x4 CMakeFiles/sprite_bounce.dir/D_/picobuild4/pico-sdk/src/rp2_common/pico_mem_ops/mem_ops_aeabi.S.obj
 .preinit_array.00010
                0x200121e4        0x4 CMakeFiles/sprite_bounce.dir/D_/picobuild4/pico-sdk/src/rp2_common/pico_bit_ops/bit_ops_aeabi.S.obj
 .preinit_array.00020
                0x200121e8        0x4 CMakeFiles/sprite_bounce.dir/D_/picobuild4/pico-sdk/src/rp2_common/pico_double/double_aeabi.S.obj
 .preinit_array.00020
                0x200121ec        0x4 CMakeFiles/sprite_bounce.dir/D_/picobuild4/pico-sdk/src/rp2_common/pico_float/float_aeabi.S.obj
 *(.preinit_array)
                0x200121f0                PROVIDE (__preinit_array_end = .)
                0x200121f0                . = ALIGN (0x4)
                0x200121f0                PROVIDE (__init_array_start = .)
 *(SORT_BY_NAME(.init_array.*))
 *(.init_array)
 .init_array    0x200121f0        0x4 d:/picobuild4/pico-toolchain/gcc-arm-none-eabi-9-2019-q4-major-win32/bin/../lib/gcc/arm-none-eabi/9.2.1/thumb/v6-m/nofp/crtbegin.o
                0x200121f4                PROVIDE (__init_array_end = .)
                0x200121f4                . = ALIGN (0x4)
                [!provide]                PROVIDE (__fini_array_start = .)
 *(SORT_BY_NAME(.fini_array.*))
 *(.fini_array)
                [!provide]                PROVIDE (__fini_array_end = .)
 *(.jcr)
                0x200121f4                . = ALIGN (0x4)
                0x200121f4                __data_end__ = .

.igot.plt       0x200121f4        0x0 load address 0x100165e8
 .igot.plt      0x200121f4        0x0 d:/picobuild4/pico-toolchain/gcc-arm-none-eabi-9-2019-q4-major-win32/bin/../lib/gcc/arm-none-eabi/9.2.1/thumb/v6-m/nofp/crtbegin.o

.uninitialized_data
                0x200121f4        0x0 load address 0x100165e8
                0x200121f4                . = ALIGN (0x4)
 *(.uninitialized_data*)

.scratch_x      0x20040000      0x164 load address 0x100165e8
                0x20040000                __scratch_x_start__ = .
 *(.scratch_x.*)
 .scratch_x.tmds_encode_loop_16bpp
                0x20040000       0x30 CMakeFiles/sprite_bounce.dir/__/__/libdvi/tmds_encode.S.obj
                0x20040000                tmds_encode_loop_16bpp
 .scratch_x.tmds_encode_loop_16bpp_leftshift
                0x20040030       0x34 CMakeFiles/sprite_bounce.dir/__/__/libdvi/tmds_encode.S.obj
                0x20040030                tmds_encode_loop_16bpp_leftshift
 .scratch_x.tmds_table
                0x20040064      0x100 CMakeFiles/sprite_bounce.dir/__/__/libdvi/tmds_encode.c.obj
                0x20040164                . = ALIGN (0x4)
                0x20040164                __scratch_x_end__ = .
                0x100165e8                __scratch_x_source__ = LOADADDR (.scratch_x)

.rel.dyn        0x20040164        0x0 load address 0x1001674c
 .rel.iplt      0x20040164        0x0 d:/picobuild4/pico-toolchain/gcc-arm-none-eabi-9-2019-q4-major-win32/bin/../lib/gcc/arm-none-eabi/9.2.1/thumb/v6-m/nofp/crtbegin.o

.scratch_y      0x20041000        0x0 load address 0x1001674c
                0x20041000                __scratch_y_start__ = .
 *(.scratch_y.*)
                0x20041000                . = ALIGN (0x4)
                0x20041000                __scratch_y_end__ = .
                0x1001674c                __scratch_y_source__ = LOADADDR (.scratch_y)

.bss            0x200121f8     0x1d70
                0x200121f8                . = ALIGN (0x4)
                0x200121f8                __bss_start__ = .
 *(SORT_BY_ALIGNMENT(SORT_BY_NAME(.bss*)))
 .bss.default_alarm_pool_entries
                0x200121f8      0x100 CMakeFiles/sprite_bounce.dir/D_/picobuild4/pico-sdk/src/common/pico_time/time.c.obj
 .bss           0x200122f8       0x1c d:/picobuild4/pico-toolchain/gcc-arm-none-eabi-9-2019-q4-major-win32/bin/../lib/gcc/arm-none-eabi/9.2.1/thumb/v6-m/nofp/crtbegin.o
 .bss.__malloc_current_mallinfo
                0x20012314       0x28 d:/picobuild4/pico-toolchain/gcc-arm-none-eabi-9-2019-q4-major-win32/bin/../lib/gcc/arm-none-eabi/9.2.1/../../../../arm-none-eabi/lib/thumb/v6-m/nofp\libc.a(lib_a-mallocr.o)
                0x20012314                __malloc_current_mallinfo
 .bss.__malloc_max_sbrked_mem
                0x2001233c        0x4 d:/picobuild4/pico-toolchain/gcc-arm-none-eabi-9-2019-q4-major-win32/bin/../lib/gcc/arm-none-eabi/9.2.1/../../../../arm-none-eabi/lib/thumb/v6-m/nofp\libc.a(lib_a-mallocr.o)
                0x2001233c                __malloc_max_sbrked_mem
 .bss.__malloc_max_total_mem
                0x20012340        0x4 d:/picobuild4/pico-toolchain/gcc-arm-none-eabi-9-2019-q4-major-win32/bin/../lib/gcc/arm-none-eabi/9.2.1/../../../../arm-none-eabi/lib/thumb/v6-m/nofp\libc.a(lib_a-mallocr.o)
                0x20012340                __malloc_max_total_mem
 .bss.__malloc_top_pad
                0x20012344        0x4 d:/picobuild4/pico-toolchain/gcc-arm-none-eabi-9-2019-q4-major-win32/bin/../lib/gcc/arm-none-eabi/9.2.1/../../../../arm-none-eabi/lib/thumb/v6-m/nofp\libc.a(lib_a-mallocr.o)
                0x20012344                __malloc_top_pad
 .bss._used_instruction_space
                0x20012348        0x8 CMakeFiles/sprite_bounce.dir/D_/picobuild4/pico-sdk/src/rp2_common/hardware_pio/pio.c.obj
 .bss.alarm_callbacks
                0x20012350       0x10 CMakeFiles/sprite_bounce.dir/D_/picobuild4/pico-sdk/src/rp2_common/hardware_timer/timer.c.obj
 .bss.configured_freq
                0x20012360       0x28 CMakeFiles/sprite_bounce.dir/D_/picobuild4/pico-sdk/src/rp2_common/hardware_clocks/clocks.c.obj
 .bss.default_alarm_pool_entry_ids_high
                0x20012388       0x10 CMakeFiles/sprite_bounce.dir/D_/picobuild4/pico-sdk/src/common/pico_time/time.c.obj
 .bss.default_alarm_pool_heap_nodes
                0x20012398       0x30 CMakeFiles/sprite_bounce.dir/D_/picobuild4/pico-sdk/src/common/pico_time/time.c.obj
 .bss.dma_irq_privdata
                0x200123c8        0x8 CMakeFiles/sprite_bounce.dir/__/__/libdvi/dvi.c.obj
 .bss.drivers   0x200123d0        0x4 CMakeFiles/sprite_bounce.dir/D_/picobuild4/pico-sdk/src/rp2_common/pico_stdio/stdio.c.obj
 .bss.filter    0x200123d4        0x4 CMakeFiles/sprite_bounce.dir/D_/picobuild4/pico-sdk/src/rp2_common/pico_stdio/stdio.c.obj
 .bss.heap_end.5874
                0x200123d8        0x4 CMakeFiles/sprite_bounce.dir/D_/picobuild4/pico-sdk/src/rp2_common/pico_runtime/runtime.c.obj
 .bss.lazy_vsnprintf
                0x200123dc        0x4 CMakeFiles/sprite_bounce.dir/D_/picobuild4/pico-sdk/src/rp2_common/pico_printf/printf.c.obj
 .bss.pools     0x200123e0       0x10 CMakeFiles/sprite_bounce.dir/D_/picobuild4/pico-sdk/src/common/pico_time/time.c.obj
 .bss.sf_clz_func
                0x200123f0        0x4 CMakeFiles/sprite_bounce.dir/D_/picobuild4/pico-sdk/src/rp2_common/pico_double/double_init_rom.c.obj
                0x200123f0                sf_clz_func
 .bss.sleep_notifier
                0x200123f4        0x4 CMakeFiles/sprite_bounce.dir/D_/picobuild4/pico-sdk/src/common/pico_time/time.c.obj
 .bss.target_hi
                0x200123f8       0x10 CMakeFiles/sprite_bounce.dir/D_/picobuild4/pico-sdk/src/rp2_common/hardware_timer/timer.c.obj
 .bss.uart_instance
                0x20012408        0x4 CMakeFiles/sprite_bounce.dir/D_/picobuild4/pico-sdk/src/rp2_common/pico_stdio_uart/stdio_uart.c.obj
 .bss._claimed  0x2001240c        0x2 CMakeFiles/sprite_bounce.dir/D_/picobuild4/pico-sdk/src/rp2_common/hardware_dma/dma.c.obj
 .bss.claimed   0x2001240e        0x1 CMakeFiles/sprite_bounce.dir/D_/picobuild4/pico-sdk/src/rp2_common/hardware_timer/timer.c.obj
 .bss.claimed   0x2001240f        0x1 CMakeFiles/sprite_bounce.dir/D_/picobuild4/pico-sdk/src/rp2_common/hardware_pio/pio.c.obj
 .bss.irq_hander_chain_free_slot_head
                0x20012410        0x1 CMakeFiles/sprite_bounce.dir/D_/picobuild4/pico-sdk/src/rp2_common/hardware_irq/irq.c.obj
 .bss.timer_callbacks_pending
                0x20012411        0x1 CMakeFiles/sprite_bounce.dir/D_/picobuild4/pico-sdk/src/rp2_common/hardware_timer/timer.c.obj
 *(COMMON)
 *fill*         0x20012412        0x2 
 COMMON         0x20012414     0x1928 CMakeFiles/sprite_bounce.dir/main.c.obj
                0x20012414                vx
                0x20012518                vt
                0x2001261c                berry
                0x20012928                theta
                0x2001296c                dvi0
                0x20012c20                vy
                0x20012d24                atrans
                0x2001333c                static_scanbuf
 COMMON         0x20013d3c        0x4 CMakeFiles/sprite_bounce.dir/D_/picobuild4/pico-sdk/src/rp2_common/hardware_uart/uart.c.obj
                0x20013d3c                uart_char_to_line_feed
 COMMON         0x20013d40      0x100 CMakeFiles/sprite_bounce.dir/D_/picobuild4/pico-sdk/src/rp2_common/pico_double/double_init_rom.c.obj
                0x20013d40                sd_table
 COMMON         0x20013e40      0x100 CMakeFiles/sprite_bounce.dir/D_/picobuild4/pico-sdk/src/rp2_common/pico_float/float_init_rom.c.obj
                0x20013e40                sf_table
 COMMON         0x20013f40       0x21 d:/picobuild4/pico-toolchain/gcc-arm-none-eabi-9-2019-q4-major-win32/bin/../lib/gcc/arm-none-eabi/9.2.1/../../../../arm-none-eabi/lib/thumb/v6-m/nofp\libc.a(lib_a-lock.o)
                0x20013f40                __lock___atexit_recursive_mutex
                0x20013f44                __lock___arc4random_mutex
                0x20013f48                __lock___env_recursive_mutex
                0x20013f4c                __lock___sinit_recursive_mutex
                0x20013f50                __lock___malloc_recursive_mutex
                0x20013f54                __lock___at_quick_exit_mutex
                0x20013f58                __lock___dd_hash_mutex
                0x20013f5c                __lock___tz_mutex
                0x20013f60                __lock___sfp_recursive_mutex
 *fill*         0x20013f61        0x3 
 COMMON         0x20013f64        0x4 d:/picobuild4/pico-toolchain/gcc-arm-none-eabi-9-2019-q4-major-win32/bin/../lib/gcc/arm-none-eabi/9.2.1/../../../../arm-none-eabi/lib/thumb/v6-m/nofp\libc.a(lib_a-reent.o)
                0x20013f64                errno
                0x20013f68                . = ALIGN (0x4)
                0x20013f68                __bss_end__ = .

.heap           0x20013f68      0x800
                0x20013f68                __end__ = .
                0x20013f68                end = __end__
 *(.heap*)
 .heap          0x20013f68      0x800 CMakeFiles/sprite_bounce.dir/D_/picobuild4/pico-sdk/src/rp2_common/pico_standard_link/crt0.S.obj
                0x20014768                __HeapLimit = .

.stack1_dummy   0x20040164      0x800
 *(.stack1*)
 .stack1        0x20040164      0x800 CMakeFiles/sprite_bounce.dir/D_/picobuild4/pico-sdk/src/rp2_common/pico_multicore/multicore.c.obj

.stack_dummy    0x20041000      0x800
 *(.stack*)
 .stack         0x20041000      0x800 CMakeFiles/sprite_bounce.dir/D_/picobuild4/pico-sdk/src/rp2_common/pico_standard_link/crt0.S.obj

.flash_end      0x1001674c        0x0
                0x1001674c                __flash_binary_end = .
                0x20040000                __StackLimit = (ORIGIN (RAM) + LENGTH (RAM))
                0x20041000                __StackOneTop = (ORIGIN (SCRATCH_X) + LENGTH (SCRATCH_X))
                0x20042000                __StackTop = (ORIGIN (SCRATCH_Y) + LENGTH (SCRATCH_Y))
                0x20040800                __StackOneBottom = (__StackOneTop - SIZEOF (.stack1_dummy))
                0x20041800                __StackBottom = (__StackTop - SIZEOF (.stack_dummy))
                0x20042000                PROVIDE (__stack = __StackTop)
                0x00000001                ASSERT ((__StackLimit >= __HeapLimit), region RAM overflowed)
                0x00000001                ASSERT (((__binary_info_header_end - __logical_binary_start) <= 0x100), Binary info must be in first 256 bytes of the binary)
LOAD CMakeFiles/sprite_bounce.dir/main.c.obj
LOAD CMakeFiles/sprite_bounce.dir/D_/picobuild4/pico-sdk/src/rp2_common/pico_stdlib/stdlib.c.obj
LOAD CMakeFiles/sprite_bounce.dir/D_/picobuild4/pico-sdk/src/rp2_common/hardware_gpio/gpio.c.obj
LOAD CMakeFiles/sprite_bounce.dir/D_/picobuild4/pico-sdk/src/rp2_common/hardware_claim/claim.c.obj
LOAD CMakeFiles/sprite_bounce.dir/D_/picobuild4/pico-sdk/src/rp2_common/pico_platform/platform.c.obj
LOAD CMakeFiles/sprite_bounce.dir/D_/picobuild4/pico-sdk/src/rp2_common/hardware_sync/sync.c.obj
LOAD CMakeFiles/sprite_bounce.dir/D_/picobuild4/pico-sdk/src/rp2_common/hardware_irq/irq.c.obj
LOAD CMakeFiles/sprite_bounce.dir/D_/picobuild4/pico-sdk/src/rp2_common/hardware_irq/irq_handler_chain.S.obj
LOAD CMakeFiles/sprite_bounce.dir/D_/picobuild4/pico-sdk/src/common/pico_sync/sem.c.obj
LOAD CMakeFiles/sprite_bounce.dir/D_/picobuild4/pico-sdk/src/common/pico_sync/lock_core.c.obj
LOAD CMakeFiles/sprite_bounce.dir/D_/picobuild4/pico-sdk/src/common/pico_time/time.c.obj
LOAD CMakeFiles/sprite_bounce.dir/D_/picobuild4/pico-sdk/src/common/pico_time/timeout_helper.c.obj
LOAD CMakeFiles/sprite_bounce.dir/D_/picobuild4/pico-sdk/src/rp2_common/hardware_timer/timer.c.obj
LOAD CMakeFiles/sprite_bounce.dir/D_/picobuild4/pico-sdk/src/common/pico_util/datetime.c.obj
LOAD CMakeFiles/sprite_bounce.dir/D_/picobuild4/pico-sdk/src/common/pico_util/pheap.c.obj
LOAD CMakeFiles/sprite_bounce.dir/D_/picobuild4/pico-sdk/src/common/pico_util/queue.c.obj
LOAD CMakeFiles/sprite_bounce.dir/D_/picobuild4/pico-sdk/src/common/pico_sync/mutex.c.obj
LOAD CMakeFiles/sprite_bounce.dir/D_/picobuild4/pico-sdk/src/common/pico_sync/critical_section.c.obj
LOAD CMakeFiles/sprite_bounce.dir/D_/picobuild4/pico-sdk/src/rp2_common/hardware_uart/uart.c.obj
LOAD CMakeFiles/sprite_bounce.dir/D_/picobuild4/pico-sdk/src/rp2_common/hardware_divider/divider.S.obj
LOAD CMakeFiles/sprite_bounce.dir/D_/picobuild4/pico-sdk/src/rp2_common/pico_runtime/runtime.c.obj
LOAD CMakeFiles/sprite_bounce.dir/D_/picobuild4/pico-sdk/src/rp2_common/hardware_clocks/clocks.c.obj
LOAD CMakeFiles/sprite_bounce.dir/D_/picobuild4/pico-sdk/src/rp2_common/hardware_pll/pll.c.obj
LOAD CMakeFiles/sprite_bounce.dir/D_/picobuild4/pico-sdk/src/rp2_common/hardware_vreg/vreg.c.obj
LOAD CMakeFiles/sprite_bounce.dir/D_/picobuild4/pico-sdk/src/rp2_common/hardware_watchdog/watchdog.c.obj
LOAD CMakeFiles/sprite_bounce.dir/D_/picobuild4/pico-sdk/src/rp2_common/hardware_xosc/xosc.c.obj
LOAD CMakeFiles/sprite_bounce.dir/D_/picobuild4/pico-sdk/src/rp2_common/pico_printf/printf.c.obj
LOAD CMakeFiles/sprite_bounce.dir/D_/picobuild4/pico-sdk/src/rp2_common/pico_bit_ops/bit_ops_aeabi.S.obj
LOAD CMakeFiles/sprite_bounce.dir/D_/picobuild4/pico-sdk/src/rp2_common/pico_bootrom/bootrom.c.obj
LOAD CMakeFiles/sprite_bounce.dir/D_/picobuild4/pico-sdk/src/rp2_common/pico_divider/divider.S.obj
LOAD CMakeFiles/sprite_bounce.dir/D_/picobuild4/pico-sdk/src/rp2_common/pico_double/double_aeabi.S.obj
LOAD CMakeFiles/sprite_bounce.dir/D_/picobuild4/pico-sdk/src/rp2_common/pico_double/double_init_rom.c.obj
LOAD CMakeFiles/sprite_bounce.dir/D_/picobuild4/pico-sdk/src/rp2_common/pico_double/double_math.c.obj
LOAD CMakeFiles/sprite_bounce.dir/D_/picobuild4/pico-sdk/src/rp2_common/pico_double/double_v1_rom_shim.S.obj
LOAD CMakeFiles/sprite_bounce.dir/D_/picobuild4/pico-sdk/src/rp2_common/pico_int64_ops/pico_int64_ops_aeabi.S.obj
LOAD CMakeFiles/sprite_bounce.dir/D_/picobuild4/pico-sdk/src/rp2_common/pico_float/float_aeabi.S.obj
LOAD CMakeFiles/sprite_bounce.dir/D_/picobuild4/pico-sdk/src/rp2_common/pico_float/float_init_rom.c.obj
LOAD CMakeFiles/sprite_bounce.dir/D_/picobuild4/pico-sdk/src/rp2_common/pico_float/float_math.c.obj
LOAD CMakeFiles/sprite_bounce.dir/D_/picobuild4/pico-sdk/src/rp2_common/pico_float/float_v1_rom_shim.S.obj
LOAD CMakeFiles/sprite_bounce.dir/D_/picobuild4/pico-sdk/src/rp2_common/pico_malloc/pico_malloc.c.obj
LOAD CMakeFiles/sprite_bounce.dir/D_/picobuild4/pico-sdk/src/rp2_common/pico_mem_ops/mem_ops_aeabi.S.obj
LOAD CMakeFiles/sprite_bounce.dir/D_/picobuild4/pico-sdk/src/rp2_common/pico_standard_link/crt0.S.obj
LOAD CMakeFiles/sprite_bounce.dir/D_/picobuild4/pico-sdk/src/rp2_common/pico_standard_link/new_delete.cpp.obj
LOAD CMakeFiles/sprite_bounce.dir/D_/picobuild4/pico-sdk/src/rp2_common/pico_standard_link/binary_info.c.obj
LOAD CMakeFiles/sprite_bounce.dir/D_/picobuild4/pico-sdk/src/rp2_common/pico_stdio/stdio.c.obj
LOAD CMakeFiles/sprite_bounce.dir/D_/picobuild4/pico-sdk/src/rp2_common/pico_stdio_uart/stdio_uart.c.obj
LOAD CMakeFiles/sprite_bounce.dir/D_/picobuild4/pico-sdk/src/rp2_common/pico_multicore/multicore.c.obj
LOAD CMakeFiles/sprite_bounce.dir/__/__/libdvi/dvi.c.obj
LOAD CMakeFiles/sprite_bounce.dir/__/__/libdvi/dvi_serialiser.c.obj
LOAD CMakeFiles/sprite_bounce.dir/__/__/libdvi/dvi_timing.c.obj
LOAD CMakeFiles/sprite_bounce.dir/__/__/libdvi/tmds_encode.S.obj
LOAD CMakeFiles/sprite_bounce.dir/__/__/libdvi/tmds_encode.c.obj
LOAD CMakeFiles/sprite_bounce.dir/D_/picobuild4/pico-sdk/src/rp2_common/hardware_dma/dma.c.obj
LOAD CMakeFiles/sprite_bounce.dir/D_/picobuild4/pico-sdk/src/rp2_common/hardware_interp/interp.c.obj
LOAD CMakeFiles/sprite_bounce.dir/D_/picobuild4/pico-sdk/src/rp2_common/hardware_pio/pio.c.obj
LOAD CMakeFiles/sprite_bounce.dir/__/__/libsprite/sprite.S.obj
LOAD CMakeFiles/sprite_bounce.dir/__/__/libsprite/sprite.c.obj
LOAD CMakeFiles/sprite_bounce.dir/__/__/libsprite/tile.S.obj
LOAD CMakeFiles/sprite_bounce.dir/__/__/libsprite/tile.c.obj
LOAD C:\Users\Alastair\AppData\Local\Temp\ccQUDQ0c.o
LOAD d:/picobuild4/pico-toolchain/gcc-arm-none-eabi-9-2019-q4-major-win32/bin/../lib/gcc/arm-none-eabi/9.2.1/../../../../arm-none-eabi/lib/thumb/v6-m/nofp\libstdc++.a
LOAD d:/picobuild4/pico-toolchain/gcc-arm-none-eabi-9-2019-q4-major-win32/bin/../lib/gcc/arm-none-eabi/9.2.1/../../../../arm-none-eabi/lib/thumb/v6-m/nofp\libm.a
START GROUP
LOAD d:/picobuild4/pico-toolchain/gcc-arm-none-eabi-9-2019-q4-major-win32/bin/../lib/gcc/arm-none-eabi/9.2.1/thumb/v6-m/nofp\libgcc.a
LOAD d:/picobuild4/pico-toolchain/gcc-arm-none-eabi-9-2019-q4-major-win32/bin/../lib/gcc/arm-none-eabi/9.2.1/../../../../arm-none-eabi/lib/thumb/v6-m/nofp\libc.a
END GROUP
START GROUP
LOAD d:/picobuild4/pico-toolchain/gcc-arm-none-eabi-9-2019-q4-major-win32/bin/../lib/gcc/arm-none-eabi/9.2.1/thumb/v6-m/nofp\libgcc.a
LOAD d:/picobuild4/pico-toolchain/gcc-arm-none-eabi-9-2019-q4-major-win32/bin/../lib/gcc/arm-none-eabi/9.2.1/../../../../arm-none-eabi/lib/thumb/v6-m/nofp\libc.a
LOAD d:/picobuild4/pico-toolchain/gcc-arm-none-eabi-9-2019-q4-major-win32/bin/../lib/gcc/arm-none-eabi/9.2.1/../../../../arm-none-eabi/lib/thumb/v6-m/nofp\libnosys.a
END GROUP
LOAD d:/picobuild4/pico-toolchain/gcc-arm-none-eabi-9-2019-q4-major-win32/bin/../lib/gcc/arm-none-eabi/9.2.1/thumb/v6-m/nofp/crtend.o
LOAD d:/picobuild4/pico-toolchain/gcc-arm-none-eabi-9-2019-q4-major-win32/bin/../lib/gcc/arm-none-eabi/9.2.1/thumb/v6-m/nofp/crtn.o
OUTPUT(sprite_bounce.elf elf32-littlearm)

.ARM.attributes
                0x00000000       0x28
 .ARM.attributes
                0x00000000       0x1e d:/picobuild4/pico-toolchain/gcc-arm-none-eabi-9-2019-q4-major-win32/bin/../lib/gcc/arm-none-eabi/9.2.1/thumb/v6-m/nofp/crti.o
 .ARM.attributes
                0x0000001e       0x2c d:/picobuild4/pico-toolchain/gcc-arm-none-eabi-9-2019-q4-major-win32/bin/../lib/gcc/arm-none-eabi/9.2.1/thumb/v6-m/nofp/crtbegin.o
 .ARM.attributes
                0x0000004a       0x2c CMakeFiles/sprite_bounce.dir/main.c.obj
 .ARM.attributes
                0x00000076       0x2c CMakeFiles/sprite_bounce.dir/D_/picobuild4/pico-sdk/src/rp2_common/pico_stdlib/stdlib.c.obj
 .ARM.attributes
                0x000000a2       0x2c CMakeFiles/sprite_bounce.dir/D_/picobuild4/pico-sdk/src/rp2_common/hardware_gpio/gpio.c.obj
 .ARM.attributes
                0x000000ce       0x2c CMakeFiles/sprite_bounce.dir/D_/picobuild4/pico-sdk/src/rp2_common/hardware_claim/claim.c.obj
 .ARM.attributes
                0x000000fa       0x2c CMakeFiles/sprite_bounce.dir/D_/picobuild4/pico-sdk/src/rp2_common/pico_platform/platform.c.obj
 .ARM.attributes
                0x00000126       0x2c CMakeFiles/sprite_bounce.dir/D_/picobuild4/pico-sdk/src/rp2_common/hardware_sync/sync.c.obj
 .ARM.attributes
                0x00000152       0x2c CMakeFiles/sprite_bounce.dir/D_/picobuild4/pico-sdk/src/rp2_common/hardware_irq/irq.c.obj
 .ARM.attributes
                0x0000017e       0x22 CMakeFiles/sprite_bounce.dir/D_/picobuild4/pico-sdk/src/rp2_common/hardware_irq/irq_handler_chain.S.obj
 .ARM.attributes
                0x000001a0       0x2c CMakeFiles/sprite_bounce.dir/D_/picobuild4/pico-sdk/src/common/pico_sync/lock_core.c.obj
 .ARM.attributes
                0x000001cc       0x2c CMakeFiles/sprite_bounce.dir/D_/picobuild4/pico-sdk/src/common/pico_time/time.c.obj
 .ARM.attributes
                0x000001f8       0x2c CMakeFiles/sprite_bounce.dir/D_/picobuild4/pico-sdk/src/rp2_common/hardware_timer/timer.c.obj
 .ARM.attributes
                0x00000224       0x2c CMakeFiles/sprite_bounce.dir/D_/picobuild4/pico-sdk/src/common/pico_util/pheap.c.obj
 .ARM.attributes
                0x00000250       0x2c CMakeFiles/sprite_bounce.dir/D_/picobuild4/pico-sdk/src/common/pico_util/queue.c.obj
 .ARM.attributes
                0x0000027c       0x2c CMakeFiles/sprite_bounce.dir/D_/picobuild4/pico-sdk/src/common/pico_sync/mutex.c.obj
 .ARM.attributes
                0x000002a8       0x2c CMakeFiles/sprite_bounce.dir/D_/picobuild4/pico-sdk/src/rp2_common/hardware_uart/uart.c.obj
 .ARM.attributes
                0x000002d4       0x2c CMakeFiles/sprite_bounce.dir/D_/picobuild4/pico-sdk/src/rp2_common/pico_runtime/runtime.c.obj
 .ARM.attributes
                0x00000300       0x2c CMakeFiles/sprite_bounce.dir/D_/picobuild4/pico-sdk/src/rp2_common/hardware_clocks/clocks.c.obj
 .ARM.attributes
                0x0000032c       0x2c CMakeFiles/sprite_bounce.dir/D_/picobuild4/pico-sdk/src/rp2_common/hardware_pll/pll.c.obj
 .ARM.attributes
                0x00000358       0x2c CMakeFiles/sprite_bounce.dir/D_/picobuild4/pico-sdk/src/rp2_common/hardware_vreg/vreg.c.obj
 .ARM.attributes
                0x00000384       0x2c CMakeFiles/sprite_bounce.dir/D_/picobuild4/pico-sdk/src/rp2_common/hardware_watchdog/watchdog.c.obj
 .ARM.attributes
                0x000003b0       0x2c CMakeFiles/sprite_bounce.dir/D_/picobuild4/pico-sdk/src/rp2_common/hardware_xosc/xosc.c.obj
 .ARM.attributes
                0x000003dc       0x2c CMakeFiles/sprite_bounce.dir/D_/picobuild4/pico-sdk/src/rp2_common/pico_printf/printf.c.obj
 .ARM.attributes
                0x00000408       0x22 CMakeFiles/sprite_bounce.dir/D_/picobuild4/pico-sdk/src/rp2_common/pico_bit_ops/bit_ops_aeabi.S.obj
 .ARM.attributes
                0x0000042a       0x2c CMakeFiles/sprite_bounce.dir/D_/picobuild4/pico-sdk/src/rp2_common/pico_bootrom/bootrom.c.obj
 .ARM.attributes
                0x00000456       0x22 CMakeFiles/sprite_bounce.dir/D_/picobuild4/pico-sdk/src/rp2_common/pico_divider/divider.S.obj
 .ARM.attributes
                0x00000478       0x22 CMakeFiles/sprite_bounce.dir/D_/picobuild4/pico-sdk/src/rp2_common/pico_double/double_aeabi.S.obj
 .ARM.attributes
                0x0000049a       0x2c CMakeFiles/sprite_bounce.dir/D_/picobuild4/pico-sdk/src/rp2_common/pico_double/double_init_rom.c.obj
 .ARM.attributes
                0x000004c6       0x22 CMakeFiles/sprite_bounce.dir/D_/picobuild4/pico-sdk/src/rp2_common/pico_double/double_v1_rom_shim.S.obj
 .ARM.attributes
                0x000004e8       0x22 CMakeFiles/sprite_bounce.dir/D_/picobuild4/pico-sdk/src/rp2_common/pico_int64_ops/pico_int64_ops_aeabi.S.obj
 .ARM.attributes
                0x0000050a       0x22 CMakeFiles/sprite_bounce.dir/D_/picobuild4/pico-sdk/src/rp2_common/pico_float/float_aeabi.S.obj
 .ARM.attributes
                0x0000052c       0x2c CMakeFiles/sprite_bounce.dir/D_/picobuild4/pico-sdk/src/rp2_common/pico_float/float_init_rom.c.obj
 .ARM.attributes
                0x00000558       0x22 CMakeFiles/sprite_bounce.dir/D_/picobuild4/pico-sdk/src/rp2_common/pico_float/float_v1_rom_shim.S.obj
 .ARM.attributes
                0x0000057a       0x2c CMakeFiles/sprite_bounce.dir/D_/picobuild4/pico-sdk/src/rp2_common/pico_malloc/pico_malloc.c.obj
 .ARM.attributes
                0x000005a6       0x22 CMakeFiles/sprite_bounce.dir/D_/picobuild4/pico-sdk/src/rp2_common/pico_mem_ops/mem_ops_aeabi.S.obj
 .ARM.attributes
                0x000005c8       0x22 CMakeFiles/sprite_bounce.dir/D_/picobuild4/pico-sdk/src/rp2_common/pico_standard_link/crt0.S.obj
 .ARM.attributes
                0x000005ea       0x32 CMakeFiles/sprite_bounce.dir/D_/picobuild4/pico-sdk/src/rp2_common/pico_standard_link/binary_info.c.obj
 .ARM.attributes
                0x0000061c       0x2c CMakeFiles/sprite_bounce.dir/D_/picobuild4/pico-sdk/src/rp2_common/pico_stdio/stdio.c.obj
 .ARM.attributes
                0x00000648       0x2c CMakeFiles/sprite_bounce.dir/D_/picobuild4/pico-sdk/src/rp2_common/pico_stdio_uart/stdio_uart.c.obj
 .ARM.attributes
                0x00000674       0x2c CMakeFiles/sprite_bounce.dir/D_/picobuild4/pico-sdk/src/rp2_common/pico_multicore/multicore.c.obj
 .ARM.attributes
                0x000006a0       0x2c CMakeFiles/sprite_bounce.dir/__/__/libdvi/dvi.c.obj
 .ARM.attributes
                0x000006cc       0x2c CMakeFiles/sprite_bounce.dir/__/__/libdvi/dvi_serialiser.c.obj
 .ARM.attributes
                0x000006f8       0x2c CMakeFiles/sprite_bounce.dir/__/__/libdvi/dvi_timing.c.obj
 .ARM.attributes
                0x00000724       0x22 CMakeFiles/sprite_bounce.dir/__/__/libdvi/tmds_encode.S.obj
 .ARM.attributes
                0x00000746       0x2c CMakeFiles/sprite_bounce.dir/__/__/libdvi/tmds_encode.c.obj
 .ARM.attributes
                0x00000772       0x2c CMakeFiles/sprite_bounce.dir/D_/picobuild4/pico-sdk/src/rp2_common/hardware_dma/dma.c.obj
 .ARM.attributes
                0x0000079e       0x2c CMakeFiles/sprite_bounce.dir/D_/picobuild4/pico-sdk/src/rp2_common/hardware_interp/interp.c.obj
 .ARM.attributes
                0x000007ca       0x2c CMakeFiles/sprite_bounce.dir/D_/picobuild4/pico-sdk/src/rp2_common/hardware_pio/pio.c.obj
 .ARM.attributes
                0x000007f6       0x22 CMakeFiles/sprite_bounce.dir/__/__/libsprite/sprite.S.obj
 .ARM.attributes
                0x00000818       0x2c CMakeFiles/sprite_bounce.dir/__/__/libsprite/sprite.c.obj
 .ARM.attributes
                0x00000844       0x22 C:\Users\Alastair\AppData\Local\Temp\ccQUDQ0c.o
 .ARM.attributes
                0x00000866       0x1e d:/picobuild4/pico-toolchain/gcc-arm-none-eabi-9-2019-q4-major-win32/bin/../lib/gcc/arm-none-eabi/9.2.1/thumb/v6-m/nofp\libgcc.a(_dvmd_tls.o)
 .ARM.attributes
                0x00000884       0x2c d:/picobuild4/pico-toolchain/gcc-arm-none-eabi-9-2019-q4-major-win32/bin/../lib/gcc/arm-none-eabi/9.2.1/../../../../arm-none-eabi/lib/thumb/v6-m/nofp\libc.a(lib_a-calloc.o)
 .ARM.attributes
                0x000008b0       0x2c d:/picobuild4/pico-toolchain/gcc-arm-none-eabi-9-2019-q4-major-win32/bin/../lib/gcc/arm-none-eabi/9.2.1/../../../../arm-none-eabi/lib/thumb/v6-m/nofp\libc.a(lib_a-callocr.o)
 .ARM.attributes
                0x000008dc       0x2c d:/picobuild4/pico-toolchain/gcc-arm-none-eabi-9-2019-q4-major-win32/bin/../lib/gcc/arm-none-eabi/9.2.1/../../../../arm-none-eabi/lib/thumb/v6-m/nofp\libc.a(lib_a-impure.o)
 .ARM.attributes
                0x00000908       0x2c d:/picobuild4/pico-toolchain/gcc-arm-none-eabi-9-2019-q4-major-win32/bin/../lib/gcc/arm-none-eabi/9.2.1/../../../../arm-none-eabi/lib/thumb/v6-m/nofp\libc.a(lib_a-malloc.o)
 .ARM.attributes
                0x00000934       0x2c d:/picobuild4/pico-toolchain/gcc-arm-none-eabi-9-2019-q4-major-win32/bin/../lib/gcc/arm-none-eabi/9.2.1/../../../../arm-none-eabi/lib/thumb/v6-m/nofp\libc.a(lib_a-mallocr.o)
 .ARM.attributes
                0x00000960       0x2c d:/picobuild4/pico-toolchain/gcc-arm-none-eabi-9-2019-q4-major-win32/bin/../lib/gcc/arm-none-eabi/9.2.1/../../../../arm-none-eabi/lib/thumb/v6-m/nofp\libc.a(lib_a-mlock.o)
 .ARM.attributes
                0x0000098c       0x2c d:/picobuild4/pico-toolchain/gcc-arm-none-eabi-9-2019-q4-major-win32/bin/../lib/gcc/arm-none-eabi/9.2.1/../../../../arm-none-eabi/lib/thumb/v6-m/nofp\libc.a(lib_a-rand.o)
 .ARM.attributes
                0x000009b8       0x2c d:/picobuild4/pico-toolchain/gcc-arm-none-eabi-9-2019-q4-major-win32/bin/../lib/gcc/arm-none-eabi/9.2.1/../../../../arm-none-eabi/lib/thumb/v6-m/nofp\libc.a(lib_a-sbrkr.o)
 .ARM.attributes
                0x000009e4       0x2c d:/picobuild4/pico-toolchain/gcc-arm-none-eabi-9-2019-q4-major-win32/bin/../lib/gcc/arm-none-eabi/9.2.1/../../../../arm-none-eabi/lib/thumb/v6-m/nofp\libc.a(lib_a-strlen-stub.o)
 .ARM.attributes
                0x00000a10       0x2c d:/picobuild4/pico-toolchain/gcc-arm-none-eabi-9-2019-q4-major-win32/bin/../lib/gcc/arm-none-eabi/9.2.1/../../../../arm-none-eabi/lib/thumb/v6-m/nofp\libc.a(lib_a-freer.o)
 .ARM.attributes
                0x00000a3c       0x2c d:/picobuild4/pico-toolchain/gcc-arm-none-eabi-9-2019-q4-major-win32/bin/../lib/gcc/arm-none-eabi/9.2.1/../../../../arm-none-eabi/lib/thumb/v6-m/nofp\libc.a(lib_a-lock.o)
 .ARM.attributes
                0x00000a68       0x2c d:/picobuild4/pico-toolchain/gcc-arm-none-eabi-9-2019-q4-major-win32/bin/../lib/gcc/arm-none-eabi/9.2.1/../../../../arm-none-eabi/lib/thumb/v6-m/nofp\libc.a(lib_a-reent.o)

.comment        0x00000000       0x79
 .comment       0x00000000       0x79 CMakeFiles/sprite_bounce.dir/main.c.obj
                                 0x7a (size before relaxing)
 .comment       0x00000079       0x7a CMakeFiles/sprite_bounce.dir/D_/picobuild4/pico-sdk/src/rp2_common/pico_stdlib/stdlib.c.obj
 .comment       0x00000079       0x7a CMakeFiles/sprite_bounce.dir/D_/picobuild4/pico-sdk/src/rp2_common/hardware_gpio/gpio.c.obj
 .comment       0x00000079       0x7a CMakeFiles/sprite_bounce.dir/D_/picobuild4/pico-sdk/src/rp2_common/hardware_claim/claim.c.obj
 .comment       0x00000079       0x7a CMakeFiles/sprite_bounce.dir/D_/picobuild4/pico-sdk/src/rp2_common/pico_platform/platform.c.obj
 .comment       0x00000079       0x7a CMakeFiles/sprite_bounce.dir/D_/picobuild4/pico-sdk/src/rp2_common/hardware_sync/sync.c.obj
 .comment       0x00000079       0x7a CMakeFiles/sprite_bounce.dir/D_/picobuild4/pico-sdk/src/rp2_common/hardware_irq/irq.c.obj
 .comment       0x00000079       0x7a CMakeFiles/sprite_bounce.dir/D_/picobuild4/pico-sdk/src/common/pico_sync/lock_core.c.obj
 .comment       0x00000079       0x7a CMakeFiles/sprite_bounce.dir/D_/picobuild4/pico-sdk/src/common/pico_time/time.c.obj
 .comment       0x00000079       0x7a CMakeFiles/sprite_bounce.dir/D_/picobuild4/pico-sdk/src/rp2_common/hardware_timer/timer.c.obj
 .comment       0x00000079       0x7a CMakeFiles/sprite_bounce.dir/D_/picobuild4/pico-sdk/src/common/pico_util/pheap.c.obj
 .comment       0x00000079       0x7a CMakeFiles/sprite_bounce.dir/D_/picobuild4/pico-sdk/src/common/pico_util/queue.c.obj
 .comment       0x00000079       0x7a CMakeFiles/sprite_bounce.dir/D_/picobuild4/pico-sdk/src/common/pico_sync/mutex.c.obj
 .comment       0x00000079       0x7a CMakeFiles/sprite_bounce.dir/D_/picobuild4/pico-sdk/src/rp2_common/hardware_uart/uart.c.obj
 .comment       0x00000079       0x7a CMakeFiles/sprite_bounce.dir/D_/picobuild4/pico-sdk/src/rp2_common/pico_runtime/runtime.c.obj
 .comment       0x00000079       0x7a CMakeFiles/sprite_bounce.dir/D_/picobuild4/pico-sdk/src/rp2_common/hardware_clocks/clocks.c.obj
 .comment       0x00000079       0x7a CMakeFiles/sprite_bounce.dir/D_/picobuild4/pico-sdk/src/rp2_common/hardware_pll/pll.c.obj
 .comment       0x00000079       0x7a CMakeFiles/sprite_bounce.dir/D_/picobuild4/pico-sdk/src/rp2_common/hardware_vreg/vreg.c.obj
 .comment       0x00000079       0x7a CMakeFiles/sprite_bounce.dir/D_/picobuild4/pico-sdk/src/rp2_common/hardware_watchdog/watchdog.c.obj
 .comment       0x00000079       0x7a CMakeFiles/sprite_bounce.dir/D_/picobuild4/pico-sdk/src/rp2_common/hardware_xosc/xosc.c.obj
 .comment       0x00000079       0x7a CMakeFiles/sprite_bounce.dir/D_/picobuild4/pico-sdk/src/rp2_common/pico_printf/printf.c.obj
 .comment       0x00000079       0x7a CMakeFiles/sprite_bounce.dir/D_/picobuild4/pico-sdk/src/rp2_common/pico_bootrom/bootrom.c.obj
 .comment       0x00000079       0x7a CMakeFiles/sprite_bounce.dir/D_/picobuild4/pico-sdk/src/rp2_common/pico_double/double_init_rom.c.obj
 .comment       0x00000079       0x7a CMakeFiles/sprite_bounce.dir/D_/picobuild4/pico-sdk/src/rp2_common/pico_float/float_init_rom.c.obj
 .comment       0x00000079       0x7a CMakeFiles/sprite_bounce.dir/D_/picobuild4/pico-sdk/src/rp2_common/pico_malloc/pico_malloc.c.obj
 .comment       0x00000079       0x7a CMakeFiles/sprite_bounce.dir/D_/picobuild4/pico-sdk/src/rp2_common/pico_standard_link/binary_info.c.obj
 .comment       0x00000079       0x7a CMakeFiles/sprite_bounce.dir/D_/picobuild4/pico-sdk/src/rp2_common/pico_stdio/stdio.c.obj
 .comment       0x00000079       0x7a CMakeFiles/sprite_bounce.dir/D_/picobuild4/pico-sdk/src/rp2_common/pico_stdio_uart/stdio_uart.c.obj
 .comment       0x00000079       0x7a CMakeFiles/sprite_bounce.dir/D_/picobuild4/pico-sdk/src/rp2_common/pico_multicore/multicore.c.obj
 .comment       0x00000079       0x7a CMakeFiles/sprite_bounce.dir/__/__/libdvi/dvi.c.obj
 .comment       0x00000079       0x7a CMakeFiles/sprite_bounce.dir/__/__/libdvi/dvi_serialiser.c.obj
 .comment       0x00000079       0x7a CMakeFiles/sprite_bounce.dir/__/__/libdvi/dvi_timing.c.obj
 .comment       0x00000079       0x7a CMakeFiles/sprite_bounce.dir/__/__/libdvi/tmds_encode.c.obj
 .comment       0x00000079       0x7a CMakeFiles/sprite_bounce.dir/D_/picobuild4/pico-sdk/src/rp2_common/hardware_dma/dma.c.obj
 .comment       0x00000079       0x7a CMakeFiles/sprite_bounce.dir/D_/picobuild4/pico-sdk/src/rp2_common/hardware_interp/interp.c.obj
 .comment       0x00000079       0x7a CMakeFiles/sprite_bounce.dir/D_/picobuild4/pico-sdk/src/rp2_common/hardware_pio/pio.c.obj
 .comment       0x00000079       0x7a CMakeFiles/sprite_bounce.dir/__/__/libsprite/sprite.c.obj

.debug_frame    0x00000000      0x2e4
 .debug_frame   0x00000000       0x28 d:/picobuild4/pico-toolchain/gcc-arm-none-eabi-9-2019-q4-major-win32/bin/../lib/gcc/arm-none-eabi/9.2.1/../../../../arm-none-eabi/lib/thumb/v6-m/nofp\libc.a(lib_a-calloc.o)
 .debug_frame   0x00000028       0x28 d:/picobuild4/pico-toolchain/gcc-arm-none-eabi-9-2019-q4-major-win32/bin/../lib/gcc/arm-none-eabi/9.2.1/../../../../arm-none-eabi/lib/thumb/v6-m/nofp\libc.a(lib_a-callocr.o)
 .debug_frame   0x00000050       0x40 d:/picobuild4/pico-toolchain/gcc-arm-none-eabi-9-2019-q4-major-win32/bin/../lib/gcc/arm-none-eabi/9.2.1/../../../../arm-none-eabi/lib/thumb/v6-m/nofp\libc.a(lib_a-malloc.o)
 .debug_frame   0x00000090       0x3c d:/picobuild4/pico-toolchain/gcc-arm-none-eabi-9-2019-q4-major-win32/bin/../lib/gcc/arm-none-eabi/9.2.1/../../../../arm-none-eabi/lib/thumb/v6-m/nofp\libc.a(lib_a-mallocr.o)
 .debug_frame   0x000000cc       0x40 d:/picobuild4/pico-toolchain/gcc-arm-none-eabi-9-2019-q4-major-win32/bin/../lib/gcc/arm-none-eabi/9.2.1/../../../../arm-none-eabi/lib/thumb/v6-m/nofp\libc.a(lib_a-mlock.o)
 .debug_frame   0x0000010c       0x38 d:/picobuild4/pico-toolchain/gcc-arm-none-eabi-9-2019-q4-major-win32/bin/../lib/gcc/arm-none-eabi/9.2.1/../../../../arm-none-eabi/lib/thumb/v6-m/nofp\libc.a(lib_a-rand.o)
 .debug_frame   0x00000144       0x2c d:/picobuild4/pico-toolchain/gcc-arm-none-eabi-9-2019-q4-major-win32/bin/../lib/gcc/arm-none-eabi/9.2.1/../../../../arm-none-eabi/lib/thumb/v6-m/nofp\libc.a(lib_a-sbrkr.o)
 .debug_frame   0x00000170       0x28 d:/picobuild4/pico-toolchain/gcc-arm-none-eabi-9-2019-q4-major-win32/bin/../lib/gcc/arm-none-eabi/9.2.1/../../../../arm-none-eabi/lib/thumb/v6-m/nofp\libc.a(lib_a-strlen-stub.o)
 .debug_frame   0x00000198       0x54 d:/picobuild4/pico-toolchain/gcc-arm-none-eabi-9-2019-q4-major-win32/bin/../lib/gcc/arm-none-eabi/9.2.1/../../../../arm-none-eabi/lib/thumb/v6-m/nofp\libc.a(lib_a-freer.o)
 .debug_frame   0x000001ec       0xb0 d:/picobuild4/pico-toolchain/gcc-arm-none-eabi-9-2019-q4-major-win32/bin/../lib/gcc/arm-none-eabi/9.2.1/../../../../arm-none-eabi/lib/thumb/v6-m/nofp\libc.a(lib_a-lock.o)
 .debug_frame   0x0000029c       0x48 d:/picobuild4/pico-toolchain/gcc-arm-none-eabi-9-2019-q4-major-win32/bin/../lib/gcc/arm-none-eabi/9.2.1/../../../../arm-none-eabi/lib/thumb/v6-m/nofp\libc.a(lib_a-reent.o)
